✔ [9175/9371] Built NavierStokes.MeanBoundsReindex (26s)
✔ [9176/9371] Built NavierStokes.ActualSlowAxis (40s)
✔ [9177/9371] Built NavierStokes.SlowResidualMatching (40s)
✔ [9178/9371] Built NavierStokes.PulseCone (47s)
✔ [9179/9371] Built NavierStokes.AxisTailRegularity (26s)
✔ [9180/9371] Built NavierStokes.NaturalCoefficientBridge (36s)
✔ [9181/9371] Built NavierStokes.GlobalSlowProfiles (37s)
✔ [9182/9371] Built NavierStokes.TailCone (41s)
✔ [9183/9371] Built NavierStokes.TerminalPressure (33s)
✔ [9184/9371] Built NavierStokes.OutgoingCone (33s)
✔ [9185/9371] Built NavierStokes.AssembledSlowBase (44s)
✔ [9186/9371] Built NavierStokes.GlobalStressSupport (23s)
✔ [9187/9371] Built NavierStokes.ZerothStressIdentity (26s)
✔ [9188/9371] Built NavierStokes.HeatSwitchCone (33s)
✔ [9189/9371] Built NavierStokes.TerminalEdgeFactor (34s)
✔ [9190/9371] Built NavierStokes.HeatSwitchHistoryDerivatives (25s)
✔ [9191/9371] Built NavierStokes.SlowFirstOrderEdge (31s)
✔ [9192/9371] Built NavierStokes.TerminalCone (34s)
✔ [9193/9371] Built NavierStokes.ActiveAnnulusWeight (34s)
✔ [9194/9371] Built NavierStokes.RepairConeBounds (35s)
✔ [9195/9371] Built NavierStokes.ScheduledProfileChoice (25s)
✔ [9196/9371] Built NavierStokes.TerminalHistoryBridge (33s)
✔ [9197/9371] Built NavierStokes.BaseResidual (48s)
✔ [9198/9371] Built NavierStokes.PreparedOutgoing (24s)
✔ [9199/9371] Built NavierStokes.BaseExterior (24s)
✔ [9200/9371] Built NavierStokes.BasePrefixIdentity (25s)
✔ [9201/9371] Built NavierStokes.NominalConeAssembly (31s)
✔ [9202/9371] Built NavierStokes.ModulatedProfileAssembly (24s)
✔ [9203/9371] Built NavierStokes.LeadingStressWeights (26s)
✔ [9204/9371] Built NavierStokes.FirstOrderBaseEdge (26s)
✔ [9205/9371] Built NavierStokes.ConstructedSlowBase (19s)
✔ [9206/9371] Built NavierStokes.ModulatedExterior (23s)
✔ [9207/9371] Built NavierStokes.EntranceAlignedBase (24s)
✔ [9208/9371] Built NavierStokes.BaseChartJets (34s)
✔ [9209/9371] Built NavierStokes.ProfileSpectralCone (22s)
✔ [9210/9371] Built NavierStokes.AlignedProfileSpectralCone (19s)
✔ [9211/9371] Built NavierStokes.FinalSlowBase (19s)
✔ [9212/9371] Built NavierStokes.BaseRankPatch (26s)
✔ [9213/9371] Built NavierStokes.GlobalBaseError (26s)
✔ [9214/9371] Built NavierStokes.PrimaryGeometryAssembly (29s)
✔ [9215/9371] Built NavierStokes.BaseRadialJets (30s)
✔ [9216/9371] Built NavierStokes.SlowBaseEndpoint (30s)
✔ [9217/9371] Built NavierStokes.TailGaugePotential (21s)
✔ [9218/9371] Built NavierStokes.AllBandBaseJets (26s)
✔ [9219/9371] Built NavierStokes.PrimaryTargetBounds (35s)
✔ [9220/9371] Built NavierStokes.AnnularEndpoint (27s)
✔ [9221/9371] Built NavierStokes.PhysicalStageBounds (32s)
✔ [9222/9371] Built NavierStokes.BaseContextAssembly (34s)
✔ [9223/9371] Built NavierStokes.PrimaryCopyBounds (34s)
✔ [9224/9371] Built NavierStokes.ActualIterationLedger (31s)
✔ [9225/9371] Built NavierStokes.ActualBaseVelocityBounds (39s)
✔ [9226/9371] Built NavierStokes.OffplaneCorrectionExtensions (39s)
✔ [9227/9371] Built NavierStokes.PhysicalResidualJetBounds (43s)
✔ [9228/9371] Built NavierStokes.BaseStressClasses (32s)
✔ [9229/9371] Built NavierStokes.ActualSignedControl (36s)
✔ [9230/9371] Built NavierStokes.WaveEdgeExtension (38s)
✔ [9231/9371] Built NavierStokes.MixedDiagonalExtensions (27s)
✔ [9232/9371] Built NavierStokes.DirectAngularDiagonal (32s)
✔ [9233/9371] Built NavierStokes.CommonBaseContext (24s)
✔ [9234/9371] Built NavierStokes.ValidDyadicBandCover (30s)
✔ [9235/9371] Built NavierStokes.MixedPeriodicAssembly (27s)
✔ [9236/9371] Built NavierStokes.MixedAxisPreservation (29s)
✔ [9237/9371] Built NavierStokes.ActualSignedGeometry (40s)
✔ [9238/9371] Built NavierStokes.ActualBaseResidual (44s)
✔ [9239/9371] Built NavierStokes.LocalAngularDiagonal (32s)
✔ [9240/9371] Built NavierStokes.MixedDiagonalResidual (35s)
✔ [9241/9371] Built NavierStokes.CandidateConsequences (35s)
✔ [9242/9371] Built NavierStokes.NativeBandExtension (33s)
✔ [9243/9371] Built NavierStokes.TemporalStateCoherence (82s)
✔ [9244/9371] Built NavierStokes.MixedCandidateAssembly (26s)
✔ [9245/9371] Built NavierStokes.ScaledActualParticularControl (45s)
✔ [9246/9371] Built NavierStokes.ActualSignedPhysicalData (45s)
✔ [9247/9371] Built NavierStokes.FlatDyadicExtension (27s)
✔ [9248/9371] Built NavierStokes.MixedCandidateWitness (32s)
✔ [9249/9371] Built NavierStokes.MixedFiniteBackground (32s)
✔ [9250/9371] Built NavierStokes.CurrentPhysicalChartJets (33s)
✔ [9251/9371] Built NavierStokes.ScaledParticularFrameJets (34s)
✔ [9252/9371] Built NavierStokes.RankStateCoherence (37s)
✔ [9253/9371] Built NavierStokes.DependentSignedPhysicalFamily (34s)
✔ [9254/9371] Built NavierStokes.ActualGaussianCoverage (42s)
✔ [9255/9371] Built NavierStokes.GermCandidateAssembly (26s)
✔ [9256/9371] Built NavierStokes.InitializedPhysicalBackground (27s)
✔ [9257/9371] Built NavierStokes.NativeCutoffJets (23s)
✔ [9258/9371] Built NavierStokes.LabelSupportPreservation (26s)
✔ [9259/9371] Built NavierStokes.ScalarParticularSupport (78s)
✔ [9260/9371] Built NavierStokes.CorrectionStep (78s)
✔ [9261/9371] Built NavierStokes.ActualCycleExcluded (31s)
✔ [9262/9371] Built NavierStokes.CyclePhysicalPrefixes (32s)
✔ [9263/9371] Built NavierStokes.CycleStateCoherence (36s)
✔ [9264/9371] Built NavierStokes.CrossBasedMeanComposition (45s)
✔ [9265/9371] Built NavierStokes.ActualParticularRealization (34s)
✔ [9266/9371] Built NavierStokes.ActualWaveRegularity (91s)
✔ [9267/9371] Built NavierStokes.GaussianErrorNaturality (91s)
✔ [9268/9371] Built NavierStokes.CorrectionInitialization (91s)
✔ [9269/9371] Built NavierStokes.ActualPrimaryCoherence (43s)
✔ [9270/9371] Built NavierStokes.ActualPrimaryCovariance (47s)
✔ [9271/9371] Built NavierStokes.ActualMeanPotentialRealization (52s)
✔ [9272/9371] Built NavierStokes.ActualPhaseDefect (52s)
✔ [9273/9371] Built NavierStokes.ActualInitialCoherence (23s)
✔ [9274/9371] Built NavierStokes.ActualPrimaryDynamics (34s)
✔ [9275/9371] Built NavierStokes.ActualPrimaryBounds (38s)
✔ [9276/9371] Built NavierStokes.ActualInitialMeanEquation (28s)
✔ [9277/9371] Built NavierStokes.ActualSignedDynamics (27s)
✔ [9278/9371] Built NavierStokes.InitialNativeRegularity (30s)
✔ [9279/9371] Built NavierStokes.ActualInitialMean (30s)
✔ [9280/9371] Built NavierStokes.ActualParticularBackground (31s)
✔ [9281/9371] Built NavierStokes.ActualPhaseJetBounds (33s)
✔ [9282/9371] Built NavierStokes.CycleMeanEquation (39s)
✔ [9283/9371] Built NavierStokes.ActualInitialExcluded (33s)
✔ [9284/9371] Built NavierStokes.ActualSignedStageControls (57s)
✔ [9285/9371] Built NavierStokes.CorrectionAnalyticStep (32s)
✔ [9286/9371] Built NavierStokes.ActualCarrierGeometry (28s)
✔ [9287/9371] Built NavierStokes.ActualInitialization (31s)
✔ [9288/9371] Built NavierStokes.PhysicalStageSupport (37s)
✔ [9289/9371] Built NavierStokes.ActualPolarCoverage (38s)
✔ [9290/9371] Built NavierStokes.ActualCarrierTransportBase (43s)
✔ [9291/9371] Built NavierStokes.ActualSignedCoherence (42s)
✔ [9292/9371] Built NavierStokes.ActualCycleGeometry (43s)
✔ [9293/9371] Built NavierStokes.ActualCoreSupport (43s)
✔ [9294/9371] Built NavierStokes.ParticularPaddedBackground (58s)
✔ [9295/9371] Built NavierStokes.InitialPhysicalData (58s)
✔ [9296/9371] Built NavierStokes.LocalMeanPhysicalBounds (29s)
✔ [9297/9371] Built NavierStokes.ActualSignedGaussianCoherence (26s)
✔ [9298/9371] Built NavierStokes.ActualSignedPotentialCoherence (28s)
✔ [9299/9371] Built NavierStokes.ActualCycleResidualBounds (32s)
✔ [9300/9371] Built NavierStokes.ActualParticularStageControls (31s)
✔ [9301/9371] Built NavierStokes.ActualExteriorPrefix (28s)
✔ [9302/9371] Built NavierStokes.ActualSignedPhysicalGeometry (32s)
✔ [9303/9371] Built NavierStokes.ActualMeanPhysicalData (77s)
✔ [9304/9371] Built NavierStokes.ActualPhysicalPrefixFields (47s)
✔ [9305/9371] Built NavierStokes.ActualCycleParameters (79s)
✔ [9306/9371] Built NavierStokes.ActualWaveRegularityData (79s)
✔ [9307/9371] Built NavierStokes.ActualCopySliceRegularity (79s)
✔ [9308/9371] Built NavierStokes.ActualCurrentCarrierJets (79s)
✔ [9309/9371] Built NavierStokes.ActualParticularGaussian (92s)
✔ [9310/9371] Built NavierStokes.ActualReferenceRebase (92s)
✔ [9311/9371] Built NavierStokes.ActualParticularDynamics (96s)
✔ [9312/9371] Built NavierStokes.ActualPhysicalStageBounds (48s)
✔ [9313/9371] Built NavierStokes.ActualMeanStageData (51s)
✔ [9314/9371] Built NavierStokes.ActualSeedPeriodicity (44s)
✔ [9315/9371] Built NavierStokes.ActualWaveCoefficientPeriodicity (47s)
✔ [9316/9371] Built NavierStokes.ActualSignedOutputBounds (49s)
✔ [9317/9371] Built NavierStokes.ActualCarrierTransport (69s)
✔ [9318/9371] Built NavierStokes.ActualParticularMeanGain (69s)
✔ [9319/9371] Built NavierStokes.ActualSignedGaussian (69s)
✔ [9320/9371] Built NavierStokes.ActualSignedMeanBinding (70s)
✔ [9321/9371] Built NavierStokes.OffplaneJetExtensions (47s)
✔ [9322/9371] Built NavierStokes.ActualMeanExterior (50s)
✔ [9323/9371] Built NavierStokes.ActualParticularCoherence (82s)
✔ [9324/9371] Built NavierStokes.ActualSignedPhysicalBinding (90s)
✔ [9325/9371] Built NavierStokes.ActualCandidateConstruction (79s)
✔ [9326/9371] Built NavierStokes.ActualCyclePeriodicity (88s)
✔ [9327/9371] Built NavierStokes.PositiveTimeSignedLocalization (34s)
✔ [9328/9371] Built NavierStokes.ActualSignedExterior (34s)
✔ [9329/9371] Built NavierStokes.ActualSignedCommonDynamics (90s)
✔ [9330/9371] Built NavierStokes.ActualSignedUnmaskedBounds (36s)
✔ [9331/9371] Built NavierStokes.ActualParticularPotentialCoherence (46s)
✔ [9332/9371] Built NavierStokes.ActualIntermediateDebtBounds (81s)
✔ [9333/9371] Built NavierStokes.ActualCycleCoherence (55s)
✔ [9334/9371] Built NavierStokes.ActualCycleAssembly (84s)
✔ [9335/9371] Built NavierStokes.ActualSignedReferenceGeometry (30s)
✔ [9336/9371] Built NavierStokes.ActualSignedNativeProfiles (33s)
✔ [9337/9371] Built NavierStokes.CurrentSignedCurl (39s)
✔ [9338/9371] Built NavierStokes.ActualSignedUnmaskedBinding (48s)
✔ [9339/9371] Built NavierStokes.ActualSignedNativeBounds (49s)
✔ [9340/9371] Built NavierStokes.PositiveTimeSignedData (30s)
✔ [9341/9371] Built NavierStokes.ActualParticularCycleData (54s)
✔ [9342/9371] Built NavierStokes.ActualSignedNativeRegularity (30s)
✔ [9343/9371] Built NavierStokes.ActualSignedFamilySupport (25s)
✔ [9344/9371] Built NavierStokes.ActualCurrentParticularPhysical (35s)
✔ [9345/9371] Built NavierStokes.ActualCyclePreservation (36s)
✔ [9346/9371] Built NavierStokes.ActualSignedPhysicalZeros (28s)
✔ [9347/9371] Built NavierStokes.ActualSignedCurrentSupport (28s)
✔ [9348/9371] Built NavierStokes.CurrentParticularPhysicalCoherence (28s)
✔ [9349/9371] Built NavierStokes.CurrentPhysicalModeGerms (29s)
✔ [9350/9371] Built NavierStokes.ActualCurrentParticularAssembly (29s)
✔ [9351/9371] Built NavierStokes.ActualStageEstimates (30s)
✔ [9352/9371] Built NavierStokes.ActualCurrentWaveSupport (32s)
✔ [9353/9371] Built NavierStokes.ActualEndpointInputs (25s)
✔ [9354/9371] Built NavierStokes.ActualValidBandWaves (26s)
✔ [9355/9371] Built NavierStokes.CurrentModeGeometry (30s)
✔ [9356/9371] Built NavierStokes.CurrentParticularLabelBounds (32s)
✔ [9357/9371] Built NavierStokes.ActualSignedPhysicalCoherence (38s)
✔ [9358/9371] Built NavierStokes.GermEndpointInputs (25s)
✔ [9359/9371] Built NavierStokes.ActualCurrentParticularBounds (27s)
✔ [9360/9371] Built NavierStokes.GluedStageEstimates (20s)
✔ [9361/9371] Built NavierStokes.ActualSignedWaveData (20s)
✔ [9362/9371] Built NavierStokes.ActualCandidateAssembly (24s)
✔ [9363/9371] Built NavierStokes.R3ActualCandidate (575s)
✔ [9364/9371] Built NavierStokes.R3.ActualCandidate (29s)
✔ [9365/9371] Built NavierStokes.R3.Theorem (31s)
✔ [9366/9371] Built NavierStokes.ComparatorR3Theorem (36s)
✔ [9367/9371] Built NavierStokes.PeriodicPaperTheorem (37s)
✔ [9368/9371] Built NavierStokes.PeriodicComparatorSolution (27s)
✔ [9369/9371] Built NavierStokes.PeriodicPaperComparator (28s)
✔ [9370/9371] Built NavierStokes.ComparatorTheorem (28s)
ℹ [9371/9371] Built NavierStokes.ComparatorSolution (28s)
info: NavierStokes/ComparatorSolution.lean:31:0: 'NavierStokes.Comparator.navier_stokes_breakdown_R3' depends on axioms: [propext, Classical.choice, Quot.sound]
info: NavierStokes/ComparatorSolution.lean:32:0: 'NavierStokes.Comparator.navier_stokes_breakdown_periodic' depends on axioms: [propext, Classical.choice, Quot.sound]
Build completed successfully (9371 jobs).
BUILD_RC=0
