✔ [3182/3215] Built NavierStokes.R3.LocalizedDifferenceEnergy (2149s)
✔ [3183/3215] Built NavierStokes.R3.PressureFluxTest (2148s)
✔ [3184/3215] Built NavierStokes.R3.ConservativeDifference (2148s)
✔ [3185/3215] Built NavierStokes.R3.SmoothSobolevL6 (2140s)
✔ [3186/3215] Built NavierStokes.R3.LocalizedTensorBounds (2139s)
✔ [3187/3215] Built NavierStokes.R3.ComparisonTimeAverages (2139s)
✔ [3188/3215] Built NavierStokes.R3.WeakTimeContinuity (2139s)
✔ [3207/3232] Built NavierStokes.R3.SchwartzCompactApproximation (2146s)
✔ [3254/3291] Built NavierStokes.R3.RieszPairing (2151s)
✔ [3255/3291] Built NavierStokes.R3.RieszHeatRepresentation (2151s)
✔ [3256/3293] Built NavierStokes.R3.PressureTestBounds (2151s)
✔ [3273/3299] Built NavierStokes.R3.RieszLinearityDecay (2153s)
✔ [8844/8872] Built NavierStokes.SpatialLocalization (829s)
✔ [8845/8872] Built NavierStokes.MeanResidual (827s)
✔ [8855/8887] Built NavierStokes.R3.WholeSpaceEnergyLimit (1446s)
✔ [8856/8887] Built NavierStokes.R3.HeatKernelPairedBound (1447s)
✔ [8857/8887] Built NavierStokes.R3.CompactComparisonBounds (1447s)
✔ [8858/8888] Built NavierStokes.R3.LocalizedFluxEstimates (1447s)
✔ [8859/8888] Built NavierStokes.R3.PressureTemporalIdentity (1447s)
✔ [8863/8892] Built NavierStokes.FourierAlias (827s)
✔ [8870/8907] Built NavierStokes.R3.RieszL2Bounds (1436s)
✔ [8871/8907] Built NavierStokes.R3.HarmonicTestFunctionals (1442s)
✔ [8872/8907] Built NavierStokes.R3.PressureFunctionals (1434s)
✔ [8873/8915] Built NavierStokes.MomentRepair (34s)
✔ [8874/8915] Built NavierStokes.FlatCovariance (37s)
✔ [8875/8915] Built NavierStokes.PowerMomentMatrix (38s)
✔ [8876/8915] Built NavierStokes.R3.WholeSpaceComparisonClosure (41s)
✔ [8877/8915] Built NavierStokes.SimilarityCoordinates (39s)
✔ [8878/8920] Built NavierStokes.R3.PressureRecoveryHelpers (41s)
✔ [8879/8920] Built NavierStokes.PeriodicResidualLimits (43s)
✔ [8880/8923] Built NavierStokes.HarmonicFields (44s)
✔ [8881/8924] Built NavierStokes.WeightedRadialPrimitive (50s)
✔ [8882/8924] Built NavierStokes.R3.RieszTestOperators (50s)
✔ [8883/8924] Built NavierStokes.SmoothFamilyTorusInverse (59s)
✔ [8884/8924] Built NavierStokes.LocalizedMomentRepair (48s)
✔ [8885/8927] Built NavierStokes.PhysicalCoordinateBounds (48s)
✔ [8886/8928] Built NavierStokes.ParametricRephase (50s)
✔ [8887/8928] Built NavierStokes.RadialSchedule (50s)
✔ [8888/8928] Built NavierStokes.R3.PressureFluxIdentity (51s)
✔ [8889/8943] Built NavierStokes.PressureDatum (51s)
✔ [8890/8947] Built NavierStokes.PulseCovariance (59s)
✔ [8891/8947] Built NavierStokes.SmoothMomentRepair (62s)
✔ [8892/8947] Built NavierStokes.R3.PressureRecovery (50s)
✔ [8893/8949] Built NavierStokes.RadialPullback (54s)
✔ [8894/8949] Built NavierStokes.R3.HeatKernelFourier (49s)
✔ [8895/8949] Built NavierStokes.AxisWeightEstimates (35s)
✔ [8896/8949] Built NavierStokes.AxisProfile (41s)
✔ [8897/8955] Built NavierStokes.AnalyticPrimitive (44s)
✔ [8898/8955] Built NavierStokes.OutgoingSchedule (50s)
✔ [8899/8955] Built NavierStokes.FiveRowRank (48s)
✔ [8900/8956] Built NavierStokes.R3.ActualPressureFlux (43s)
✔ [8901/8956] Built NavierStokes.RadialHeatProfile (49s)
✔ [8902/8956] Built NavierStokes.NaturalAxisData (53s)
✔ [8903/8956] Built NavierStokes.TorusAverages (51s)
✔ [8904/8956] Built NavierStokes.AngularMomentReset (54s)
✔ [8905/8959] Built NavierStokes.UniformFourierAlias (57s)
✔ [8906/8968] Built NavierStokes.EndpointExtension (37s)
✔ [8907/8968] Built NavierStokes.PressureStream (54s)
✔ [8908/8968] Built NavierStokes.R3.HeatKernelCommutator (47s)
✔ [8909/8969] Built NavierStokes.AxisCoefficientSpace (47s)
✔ [8910/8969] Built NavierStokes.SquaredPartition (49s)
✔ [8911/8970] Built NavierStokes.TangentProjection (44s)
✔ [8912/8970] Built NavierStokes.NaturalAxisRange (52s)
✔ [8913/8970] Built NavierStokes.OutgoingTail (54s)
✔ [8914/8970] Built NavierStokes.AxisSeries (67s)
✔ [8915/8974] Built NavierStokes.CurlGeometry (39s)
✔ [8916/8974] Built NavierStokes.OutgoingPulseBounds (78s)
✔ [8917/8974] Built NavierStokes.HeatProfileExtension (47s)
✔ [8918/8974] Built NavierStokes.IntegratedMeanBalances (55s)
✔ [8919/8974] Built NavierStokes.TemporalMeanUpdate (61s)
✔ [8920/8974] Built NavierStokes.AnalyticCoefficientBounds (45s)
✔ [8921/8979] Built NavierStokes.ResidualStability (81s)
✔ [8922/8979] Built NavierStokes.AxisEvaluation (49s)
✔ [8923/8979] Built NavierStokes.LinearWaveResidual (51s)
✔ [8924/8986] Built NavierStokes.R3.PressureFlux (59s)
✔ [8925/8986] Built NavierStokes.AxisOperators (68s)
✔ [8926/8986] Built NavierStokes.TangentODE (61s)
✔ [8927/8989] Built NavierStokes.HeatTailEdit (49s)
✔ [8928/8989] Built NavierStokes.UniformAngularReset (65s)
✔ [8929/8989] Built NavierStokes.CoordinateAlgebra (42s)
✔ [8930/8989] Built NavierStokes.TailEnergyBounds (55s)
✔ [8931/8990] Built NavierStokes.PolarCharts (50s)
✔ [8932/8991] Built NavierStokes.FlatZeroExtension (44s)
✔ [8933/8991] Built NavierStokes.R3.WholeSpaceUniqueness (46s)
✔ [8934/8991] Built NavierStokes.MeanMomentBounds (65s)
✔ [8935/8991] Built NavierStokes.AxisEvaluationAlgebra (46s)
✔ [8936/8991] Built NavierStokes.OscillatoryCurl (73s)
✔ [8937/8991] Built NavierStokes.ViscousPropagator (49s)
✔ [8938/8991] Built NavierStokes.AxisResolvent (58s)
✔ [8939/8993] Built NavierStokes.GrowingMode (53s)
✔ [8940/8993] Built NavierStokes.ParametricHeatTail (52s)
✔ [8941/8996] Built NavierStokes.ReleaseMoments (49s)
✔ [8942/8996] Built NavierStokes.ParametricODE (64s)
✔ [8943/8996] Built NavierStokes.SimilarityProfile (45s)
✔ [8944/8996] Built NavierStokes.ResetEnergyBounds (50s)
✔ [8945/8997] Built NavierStokes.TerminalCompensation (72s)
✔ [8946/8997] Built NavierStokes.WeightedQuotients (53s)
✔ [8947/9013] Built NavierStokes.PulseAmplitude (78s)
✔ [8948/9016] Built NavierStokes.SimilarityHomogeneity (49s)
✔ [8949/9016] Built NavierStokes.FiveProfileMoments (106s)
✔ [8950/9016] Built NavierStokes.MeanIncrementBounds (64s)
✔ [8951/9023] Built NavierStokes.SmoothPathFamily (61s)
✔ [8952/9023] Built NavierStokes.AxisContraction (73s)
✔ [8953/9023] Built NavierStokes.MovingFrameODE (67s)
✔ [8954/9024] Built NavierStokes.PhysicalGraphBounds (95s)
✔ [8955/9024] Built NavierStokes.ParametricTerminalCompensation (56s)
✔ [8956/9024] Built NavierStokes.SignedStressPrimitive (65s)
✔ [8957/9027] Built NavierStokes.EvenSmoothDescent (49s)
✔ [8958/9027] Built NavierStokes.CompactSmoothFamily (45s)
✔ [8959/9027] Built NavierStokes.CauchyRestriction (48s)
✔ [8960/9029] Built NavierStokes.VolterraAnalyticBounds (49s)
✔ [8961/9031] Built NavierStokes.CorrectedPulseAmplitude (55s)
✔ [8962/9031] Built NavierStokes.JointODE (44s)
✔ [8963/9039] Built NavierStokes.NaturalAxisBridge (55s)
✔ [8964/9039] Built NavierStokes.WeightedODEJets (58s)
✔ [8965/9039] Built NavierStokes.RadialModulation (47s)
✔ [8966/9041] Built NavierStokes.PhaseEstimates (58s)
✔ [8967/9041] Built NavierStokes.ParametricEvenDescent (48s)
✔ [8968/9042] Built NavierStokes.GaussianTailFlat (57s)
✔ [8969/9048] Built NavierStokes.HolomorphicFamily (49s)
✔ [8970/9054] Built NavierStokes.StressAlgebra (48s)
✔ [8971/9054] Built NavierStokes.LoopVariance (58s)
✔ [8972/9057] Built NavierStokes.ShapeTransition (66s)
✔ [8973/9065] Built NavierStokes.AxisReference (49s)
✔ [8974/9067] Built NavierStokes.NaturalAxisCoefficients (55s)
✔ [8975/9067] Built NavierStokes.NilpotentVolterra (78s)
✔ [8976/9068] Built NavierStokes.CommonCoverSolve (60s)
✔ [8977/9069] Built NavierStokes.PartitionedCovariance (54s)
✔ [8978/9069] Built NavierStokes.ExtendedHeatDebts (55s)
✔ [8979/9072] Built NavierStokes.PrimaryODE (69s)
✔ [8980/9072] Built NavierStokes.ProfileHistories (52s)
✔ [8981/9072] Built NavierStokes.PulseLag (58s)
✔ [8982/9072] Built NavierStokes.TrueConeLoop (56s)
✔ [8983/9073] Built NavierStokes.RadialFluxResidual (46s)
✔ [8984/9073] Built NavierStokes.EdgeWeightJets (49s)
✔ [8985/9073] Built NavierStokes.NaturalProfile (49s)
✔ [8986/9075] Built NavierStokes.NormalScaling (43s)
✔ [8987/9077] Built NavierStokes.VolterraParity (53s)
✔ [8988/9077] Built NavierStokes.PhysicalWaveSum (54s)
✔ [8989/9077] Built NavierStokes.CommonCoverClass (58s)
✔ [8990/9077] Built NavierStokes.SignedCovariance (49s)
✔ [8991/9077] Built NavierStokes.PhaseJetBounds (54s)
✔ [8992/9077] Built NavierStokes.PrimaryRepresentatives (69s)
✔ [8993/9077] Built NavierStokes.SlowDivergence (46s)
✔ [8994/9081] Built NavierStokes.PrimaryCopyBridge (64s)
✔ [8995/9083] Built NavierStokes.ParametricModulation (52s)
✔ [8996/9087] Built NavierStokes.SlowExpansionResidual (48s)
✔ [8997/9087] Built NavierStokes.ReferencePath (52s)
✔ [8998/9091] Built NavierStokes.SchedulePressure (44s)
✔ [8999/9091] Built NavierStokes.VolterraRegularity (48s)
✔ [9000/9094] Built NavierStokes.WaveEnvelopeTransport (51s)
✔ [9001/9094] Built NavierStokes.NaturalEntrance (78s)
✔ [9002/9094] Built NavierStokes.CopySolveCompatibility (55s)
✔ [9003/9094] Built NavierStokes.DiagonalJetBounds (48s)
✔ [9004/9094] Built NavierStokes.AxisSourceRegularity (61s)
✔ [9005/9094] Built NavierStokes.LeadingStress (60s)
✔ [9006/9095] Built NavierStokes.CurlClassBounds (78s)
✔ [9007/9095] Built NavierStokes.FuturePressureBounds (60s)
✔ [9008/9095] Built NavierStokes.StressActivation (68s)
✔ [9009/9095] Built NavierStokes.OutgoingProfile (62s)
✔ [9010/9095] Built NavierStokes.OutgoingHistories (70s)
✔ [9011/9097] Built NavierStokes.AxisHolomorphic (63s)
✔ [9012/9098] Built NavierStokes.BoundaryAxisJets (62s)
✔ [9013/9098] Built NavierStokes.PositiveAxisSystem (117s)
✔ [9014/9098] Built NavierStokes.ReferenceJetBounds (62s)
✔ [9015/9098] Built NavierStokes.TerminalStress (59s)
✔ [9016/9098] Built NavierStokes.SlowBorelBase (77s)
✔ [9017/9099] Built NavierStokes.WaveInteractionBounds (64s)
✔ [9018/9100] Built NavierStokes.LinearWaveBounds (58s)
✔ [9019/9100] Built NavierStokes.PrimaryPulseBounds (75s)
✔ [9020/9100] Built NavierStokes.CorrectedPressureBounds (53s)
✔ [9021/9100] Built NavierStokes.OutgoingDilation (51s)
✔ [9022/9100] Built NavierStokes.ActivationBounds (57s)
✔ [9023/9103] Built NavierStokes.BlowupImplication (42s)
✔ [9024/9103] Built NavierStokes.PulseEnergyHistory (62s)
✔ [9025/9104] Built NavierStokes.AxisHolomorphicJoint (53s)
✔ [9026/9104] Built NavierStokes.ParametricRadialExtension (52s)
✔ [9027/9106] Built NavierStokes.OutgoingEntranceCone (81s)
✔ [9028/9106] Built NavierStokes.DiagonalResidual (59s)
✔ [9029/9109] Built NavierStokes.PhysicalHeatCoordinates (57s)
✔ [9030/9109] Built NavierStokes.PositiveAxisExistence (74s)
✖ [9031/9109] Building NavierStokes.ShapedWaitBounds (39s)
trace: .> LEAN_PATH=D:\_b429_external\repo\.lake\packages\Cli\.lake\build\lib\lean;D:\_b429_external\repo\.lake\packages\batteries\.lake\build\lib\lean;D:\_b429_external\repo\.lake\packages\Qq\.lake\build\lib\lean;D:\_b429_external\repo\.lake\packages\aesop\.lake\build\lib\lean;D:\_b429_external\repo\.lake\packages\proofwidgets\.lake\build\lib\lean;D:\_b429_external\repo\.lake\packages\importGraph\.lake\build\lib\lean;D:\_b429_external\repo\.lake\packages\LeanSearchClient\.lake\build\lib\lean;D:\_b429_external\repo\.lake\packages\plausible\.lake\build\lib\lean;D:\_b429_external\repo\.lake\packages\lean4export\.lake\build\lib\lean;D:\_b429_external\repo\.lake\packages\mathlib\.lake\build\lib\lean;D:\_b429_external\repo\.lake\packages\Comparator\.lake\build\lib\lean;D:\_b429_external\repo\.lake\build\lib\lean d:\_b429_external\elan\toolchains\leanprover--lean4---v4.34.0-rc2\bin\lean.exe D:\_b429_external\repo\NavierStokes\ShapedWaitBounds.lean -o D:\_b429_external\repo\.lake\build\lib\lean\NavierStokes\ShapedWaitBounds.olean -i D:\_b429_external\repo\.lake\build\lib\lean\NavierStokes\ShapedWaitBounds.ilean -c D:\_b429_external\repo\.lake\build\ir\NavierStokes\ShapedWaitBounds.c --setup D:\_b429_external\repo\.lake\build\ir\NavierStokes\ShapedWaitBounds.setup.json --json
error: NavierStokes/ShapedWaitBounds.lean:1:0: failed to read file 'D:\_b429_external\repo\.lake\packages\mathlib\.lake\build\lib\lean\Mathlib\LinearAlgebra\AffineSpace\Independent.olean.private'
✔ [9033/9110] Built NavierStokes.ReferenceBounds (353s)
✔ [9038/9110] Built NavierStokes.NaturalCore (312s)
✔ [9040/9113] Built NavierStokes.AnnularAuxiliary (307s)
✔ [9041/9113] Built NavierStokes.ActivationStocks (328s)
✔ [9042/9113] Built NavierStokes.PositiveOrderMoments (358s)
✔ [9043/9113] Built NavierStokes.ActivationHolomorphic (314s)
✔ [9044/9118] Built NavierStokes.HeatedOutgoing (339s)
✔ [9048/9123] Built NavierStokes.PrimaryCovarianceBounds (390s)
✔ [9049/9123] Built NavierStokes.CopyAngularInvariance (393s)
✔ [9050/9123] Built NavierStokes.PositiveRepresentatives (375s)
✔ [9051/9123] Built NavierStokes.ModulatedStockBounds (86s)
✖ [9052/9130] Building NavierStokes.SlowRecursion (336s)
trace: .> LEAN_PATH=D:\_b429_external\repo\.lake\packages\Cli\.lake\build\lib\lean;D:\_b429_external\repo\.lake\packages\batteries\.lake\build\lib\lean;D:\_b429_external\repo\.lake\packages\Qq\.lake\build\lib\lean;D:\_b429_external\repo\.lake\packages\aesop\.lake\build\lib\lean;D:\_b429_external\repo\.lake\packages\proofwidgets\.lake\build\lib\lean;D:\_b429_external\repo\.lake\packages\importGraph\.lake\build\lib\lean;D:\_b429_external\repo\.lake\packages\LeanSearchClient\.lake\build\lib\lean;D:\_b429_external\repo\.lake\packages\plausible\.lake\build\lib\lean;D:\_b429_external\repo\.lake\packages\lean4export\.lake\build\lib\lean;D:\_b429_external\repo\.lake\packages\mathlib\.lake\build\lib\lean;D:\_b429_external\repo\.lake\packages\Comparator\.lake\build\lib\lean;D:\_b429_external\repo\.lake\build\lib\lean d:\_b429_external\elan\toolchains\leanprover--lean4---v4.34.0-rc2\bin\lean.exe D:\_b429_external\repo\NavierStokes\SlowRecursion.lean -o D:\_b429_external\repo\.lake\build\lib\lean\NavierStokes\SlowRecursion.olean -i D:\_b429_external\repo\.lake\build\lib\lean\NavierStokes\SlowRecursion.ilean -c D:\_b429_external\repo\.lake\build\ir\NavierStokes\SlowRecursion.c --setup D:\_b429_external\repo\.lake\build\ir\NavierStokes\SlowRecursion.setup.json --json
info: stderr:
libc++abi: terminating due to uncaught exception of type std::bad_alloc: std::bad_alloc
error: Lean exited with code 3221226505
✔ [9053/9168] Built NavierStokes.RenormalizedHeatMoment (104s)
✔ [9054/9173] Built NavierStokes.ExtendedHeatedOutgoing (107s)
✔ [9056/9174] Built NavierStokes.ReservedPatches (75s)
✔ [9057/9187] Built NavierStokes.TransitionRamp (123s)
✔ [9058/9187] Built NavierStokes.SlowStressSupport (123s)
✔ [9064/9187] Built NavierStokes.ActivationCone (123s)
✔ [9068/9224] Built NavierStokes.BasePhaseGeometry (95s)
✔ [9069/9224] Built NavierStokes.ModulatedHistories (191s)
✔ [9070/9224] Built NavierStokes.ExponentLedger (84s)
✔ [9071/9239] Built NavierStokes.SimilarityApproach (106s)
✔ [9072/9253] Built NavierStokes.HeatTailHistoryLimits (133s)
✔ [9074/9253] Built NavierStokes.AxisPreservation (41s)
✔ [9075/9255] Built NavierStokes.EndpointCoordinates (124s)
✔ [9076/9276] Built NavierStokes.PrimaryMaterialDefect (114s)
✔ [9077/9298] Built NavierStokes.CutStageEstimates (121s)
✔ [9078/9325] Built NavierStokes.PrimaryFieldAssembly (168s)
✔ [9079/9343] Built NavierStokes.ModulatedCone (72s)
✔ [9080/9343] Built NavierStokes.MeanRankUpdate (148s)
✔ [9081/9344] Built NavierStokes.ActivationContinuation (158s)
✔ [9082/9344] Built NavierStokes.MaximalLifespan (47s)
✔ [9083/9346] Built NavierStokes.ValidBandGluing (43s)
✔ [9084/9346] Built NavierStokes.FiniteHeadClass (38s)
✔ [9085/9348] Built NavierStokes.PeriodicSobolev (49s)
✔ [9086/9348] Built NavierStokes.R3.PositiveTimeForce (40s)
✔ [9087/9350] Built NavierStokes.MixedDiagonalSchedule (44s)
✔ [9088/9354] Built NavierStokes.ParticularWaveBounds (216s)
✔ [9089/9354] Built NavierStokes.GenericEndpointExtension (57s)
✔ [9090/9354] Built NavierStokes.R3.SpatialEnergyScaling (41s)
✔ [9091/9354] Built NavierStokes.CorrectionState (50s)
✔ [9092/9354] Built NavierStokes.R3.SpatialSupportScaling (41s)
✔ [9093/9354] Built NavierStokes.R3.ViscousEnergyBalance (45s)
✔ [9094/9354] Built NavierStokes.R3.SharpEnergyBound (44s)
✔ [9095/9354] Built NavierStokes.R3.SpatialCauchySchwarz (45s)
✔ [9096/9354] Built NavierStokes.R3.ForceL2Norm (45s)
✔ [9097/9354] Built NavierStokes.NominalProfile (64s)
✔ [9102/9355] Built NavierStokes.PhysicalMeanDomain (91s)
✔ [9103/9355] Built NavierStokes.R3.CandidateBreakdown (91s)
✔ [9104/9355] Built NavierStokes.SubcoverPeriodicity (44s)
✔ [9105/9359] Built NavierStokes.ScaledTangentTransport (47s)
✔ [9106/9359] Built NavierStokes.DefectIncrementBounds (49s)
✔ [9107/9360] Built NavierStokes.R3.ViscosityScaling (40s)
✔ [9108/9360] Built NavierStokes.LiftedMeanResidual (57s)
✔ [9109/9371] Built NavierStokes.ErrorHarmonics (48s)
✔ [9111/9371] Built NavierStokes.PeriodicPaperSupport (42s)
✔ [9112/9371] Built NavierStokes.MeanChartCompatibility (60s)
✔ [9113/9371] Built NavierStokes.R3.DelayedExtension (41s)
✔ [9114/9371] Built NavierStokes.HarmonicResidual (59s)
✔ [9115/9371] Built NavierStokes.MatchingDebtBounds (51s)
✔ [9118/9371] Built NavierStokes.R3.IntegratedDissipation (53s)
✔ [9119/9371] Built NavierStokes.R3.ParabolicSupport (42s)
✔ [9120/9371] Built NavierStokes.IntervalCopyTransport (45s)
✔ [9121/9371] Built NavierStokes.PeriodizeLatticeCover (36s)
✔ [9122/9371] Built NavierStokes.R3.ParabolicDefinitions (35s)
✔ [9123/9371] Built NavierStokes.StateMomentBalances (51s)
✔ [9124/9371] Built NavierStokes.HarmonicCovariance (42s)
✔ [9125/9371] Built NavierStokes.SignedWaveUpdate (53s)
✔ [9126/9371] Built NavierStokes.AxisymmetricResidualGrouping (42s)
✔ [9127/9371] Built NavierStokes.StateReindex (51s)
✔ [9128/9371] Built NavierStokes.PhysicalResidualBridge (55s)
✔ [9129/9371] Built NavierStokes.HarmonicMeanInteraction (53s)
✔ [9130/9371] Built NavierStokes.MatchingConeBounds (58s)
✔ [9146/9371] Built NavierStokes.PeriodizePDE (41s)
✔ [9147/9371] Built NavierStokes.PeriodicPaperScalingSupport (38s)
✔ [9148/9371] Built NavierStokes.R3.ParabolicCalculus (38s)
✔ [9149/9371] Built NavierStokes.R3.ParabolicEnergy (41s)
✔ [9150/9371] Built NavierStokes.LocalResidualGrouping (39s)
✔ [9151/9371] Built NavierStokes.LabelSumBounds (48s)
✔ [9152/9371] Built NavierStokes.PhysicalResidualTZ (42s)
✔ [9153/9371] Built NavierStokes.PhysicalCurlCovariance (44s)
✔ [9154/9371] Built NavierStokes.HarmonicWaveInteraction (41s)
✔ [9155/9371] Built NavierStokes.ParticularWaveAssembly (55s)
✔ [9156/9371] Built NavierStokes.R3.ParabolicScaling (33s)
✔ [9157/9371] Built NavierStokes.SignedPhysicalSumCalculus (31s)
✔ [9158/9371] Built NavierStokes.UniformPrimaryWeights (36s)
✔ [9161/9371] Built NavierStokes.ModeSolenoidalReindex (32s)
✔ [9162/9371] Built NavierStokes.HarmonicStructurePreservation (32s)
✔ [9163/9371] Built NavierStokes.PrimaryResidualClass (38s)
✔ [9164/9371] Built NavierStokes.LocalSignedRequest (40s)
✔ [9166/9371] Built NavierStokes.PhysicalParticularWave (44s)
✔ [9167/9371] Built NavierStokes.PeriodizedWaveBounds (45s)
✔ [9169/9371] Built NavierStokes.PhysicalClassBounds (45s)
✔ [9170/9371] Built NavierStokes.HarmonicSourceSupport (48s)
✔ [9171/9371] Built NavierStokes.PeriodicPhaseAssembly (48s)
✔ [9172/9371] Built NavierStokes.SignedCopyBounds (50s)
✔ [9173/9371] Built NavierStokes.UniformBlockBounds (53s)
✔ [9174/9371] Built NavierStokes.LocalizedWaveBounds (54s)
✔ [9175/9371] Built NavierStokes.VariableGaugeMean (75s)
✔ [9178/9371] Built NavierStokes.PhysicalCopyBounds (42s)
✔ [9182/9371] Built NavierStokes.LocalizedMeanInteraction (31s)
✔ [9183/9371] Built NavierStokes.PhysicalResidualNaturality (41s)
✔ [9184/9371] Built NavierStokes.ParticularCopyBounds (40s)
✔ [9185/9371] Built NavierStokes.LocalizedGaussianBounds (37s)
✔ [9186/9371] Built NavierStokes.GaugeMomentBalances (38s)
✔ [9187/9371] Built NavierStokes.LocalRankDefect (38s)
✖ [9195/9371] Building NavierStokes.UniformHarmonicInteraction (51s)
trace: .> LEAN_PATH=D:\_b429_external\repo\.lake\packages\Cli\.lake\build\lib\lean;D:\_b429_external\repo\.lake\packages\batteries\.lake\build\lib\lean;D:\_b429_external\repo\.lake\packages\Qq\.lake\build\lib\lean;D:\_b429_external\repo\.lake\packages\aesop\.lake\build\lib\lean;D:\_b429_external\repo\.lake\packages\proofwidgets\.lake\build\lib\lean;D:\_b429_external\repo\.lake\packages\importGraph\.lake\build\lib\lean;D:\_b429_external\repo\.lake\packages\LeanSearchClient\.lake\build\lib\lean;D:\_b429_external\repo\.lake\packages\plausible\.lake\build\lib\lean;D:\_b429_external\repo\.lake\packages\lean4export\.lake\build\lib\lean;D:\_b429_external\repo\.lake\packages\mathlib\.lake\build\lib\lean;D:\_b429_external\repo\.lake\packages\Comparator\.lake\build\lib\lean;D:\_b429_external\repo\.lake\build\lib\lean d:\_b429_external\elan\toolchains\leanprover--lean4---v4.34.0-rc2\bin\lean.exe D:\_b429_external\repo\NavierStokes\UniformHarmonicInteraction.lean -o D:\_b429_external\repo\.lake\build\lib\lean\NavierStokes\UniformHarmonicInteraction.olean -i D:\_b429_external\repo\.lake\build\lib\lean\NavierStokes\UniformHarmonicInteraction.ilean -c D:\_b429_external\repo\.lake\build\ir\NavierStokes\UniformHarmonicInteraction.c --setup D:\_b429_external\repo\.lake\build\ir\NavierStokes\UniformHarmonicInteraction.setup.json --json
info: stderr:
out of memory
error: Lean exited with code 1
✔ [9197/9371] Built NavierStokes.LocalPhysicalCopyBounds (57s)
✔ [9200/9371] Built NavierStokes.NativePrincipalEquations (51s)
✔ [9202/9371] Built NavierStokes.LocalizedCurlRealization (52s)
✔ [9206/9371] Built NavierStokes.GaugeStateCoherence (56s)
✔ [9210/9371] Built NavierStokes.PhysicalSignedWave (63s)
✔ [9215/9371] Built NavierStokes.ActualParticularControl (65s)
✔ [9222/9371] Built NavierStokes.GaugeAliasDecay (55s)
✔ [9223/9371] Built NavierStokes.MovingMomentBounds (60s)
✔ [9224/9371] Built NavierStokes.RankStateBounds (60s)
✔ [9226/9371] Built NavierStokes.SignedMeanGain (61s)
✔ [9227/9371] Built NavierStokes.GaugeMassPreservation (75s)
✔ [9228/9371] Built NavierStokes.PositiveTimeCopyFamily (98s)
✔ [9229/9371] Built NavierStokes.BandReindexedSignedMeanGain (74s)
✔ [9230/9371] Built NavierStokes.GaugeDebtIncrement (75s)
✔ [9231/9371] Built NavierStokes.ClosedNativeWaveIdentities (101s)
✔ [9232/9371] Built NavierStokes.ActualPeriodizedSignedRealization (93s)
✔ [9233/9371] Built NavierStokes.PhysicalMeanJetBounds (104s)
✔ [9238/9371] Built NavierStokes.CartesianCopySource (110s)
✔ [9242/9371] Built NavierStokes.WaveStateRegularity (23s)
✔ [9243/9371] Built NavierStokes.MeanStateRegularity (23s)
✔ [9244/9371] Built NavierStokes.ResidualPolarGraph (23s)
✔ [9246/9371] Built NavierStokes.MeanStageRegularity (30s)
✔ [9270/9371] Built NavierStokes.SignedCrossDefectClass (32s)
✔ [9271/9371] Built NavierStokes.TorusMeanRequestRebase (32s)
✔ [9272/9371] Built NavierStokes.GaugeExcludedBounds (33s)
✔ [9288/9371] Built NavierStokes.GaugeRadialResidualBounds (34s)
✔ [9354/9371] Built NavierStokes.ComparatorDefinitions (3297s)
✔ [9355/9371] Built NavierStokes.ComparatorBridge (147s)
✔ [9356/9371] Built NavierStokes.ComparatorR3Bridge (441s)
✔ [9357/9371] Built NavierStokes.PeriodicViscosityUniqueness (442s)
✔ [9358/9371] Built NavierStokes.CompactSpatialForceDecay (442s)
✔ [9359/9371] Built NavierStokes.PeriodicViscosity (43s)
✔ [9360/9371] Built NavierStokes.R3.ComparatorBridge (44s)
✔ [9361/9371] Built NavierStokes.R3CompactCandidate (54s)
✔ [9369/9371] Built NavierStokes.R3FiniteEnergyComparison (38s)
Some required targets logged failures:
- NavierStokes.ShapedWaitBounds
- NavierStokes.SlowRecursion
- NavierStokes.UniformHarmonicInteraction
error: build failed
BUILD_RC=1
