✔ [8762/8866] Built NavierStokes.R3.ComparisonYoung (1335s)
✔ [8763/8866] Built NavierStokes.DiagonalScale (860s)
✔ [8764/8866] Built NavierStokes.JetBounds (858s)
✔ [8765/8866] Built NavierStokes.DiophantineGraph (857s)
✔ [8766/8866] Built NavierStokes.R3.ScalarEnergyBound (1337s)
✔ [8767/8866] Built NavierStokes.R3.ComparisonGronwall (1344s)
✔ [8768/8872] Built NavierStokes.ProblemStatement (1391s)
✔ [8769/8872] Built NavierStokes.R3.HilbertFunctionalExtension (1319s)
✔ [8770/8872] Built NavierStokes.SmoothCutoffs (868s)
✔ [8771/8872] Built NavierStokes.RadialAlias (877s)
✔ [8772/8872] Built NavierStokes.Flatness (21s)
✔ [8773/8872] Built NavierStokes.R3.TemporalTestUniqueness (1336s)
✔ [8774/8872] Built NavierStokes.Scaling (26s)
✔ [8775/8872] Built NavierStokes.SlotGeometry (28s)
✔ [8776/8872] Built NavierStokes.ResidualRegularity (31s)
✔ [8777/8872] Built NavierStokes.ResidualCalculus (32s)
✔ [8778/8872] Built NavierStokes.CompactForceDecay (33s)
✔ [8779/8872] Built NavierStokes.SpatialCurl (38s)
✔ [8780/8874] Built NavierStokes.PeriodicLocalization (34s)
✔ [8781/8875] Built NavierStokes.R3.CompactForceBound (32s)
✔ [8782/8875] Built NavierStokes.PeriodicIntegration (42s)
✔ [8783/8875] Built NavierStokes.R3.ProblemStatement (33s)
✔ [8784/8875] Built NavierStokes.BorelExtension (34s)
✔ [8785/8877] Built NavierStokes.SpacetimeEndpoint (51s)
✔ [8786/8877] Built NavierStokes.TransportPrimitive (46s)
✔ [8787/8877] Built NavierStokes.SlotColoring (36s)
✔ [8788/8877] Built NavierStokes.TimeLocalization (36s)
✔ [8789/8877] Built NavierStokes.SolenoidalDiagonal (36s)
✔ [8790/8877] Built NavierStokes.FlatCutoff (34s)
✔ [8791/8879] Built NavierStokes.AxisymmetricFields (38s)
✔ [8792/8879] Built NavierStokes.FlatKernelBounds (39s)
✔ [8793/8879] Built NavierStokes.R3.ComparisonRateBound (119s)
✔ [8794/8879] Built NavierStokes.WeightedClasses (119s)
✔ [8795/8884] Built NavierStokes.TorusInverse (120s)
✔ [8796/8884] Built NavierStokes.PeriodicUniqueness (43s)
✔ [8797/8884] Built NavierStokes.R3.CompactSchwartz (50s)
✔ [8798/8887] Built NavierStokes.R3.CompactTimeIntegral (47s)
✔ [8799/8887] Built NavierStokes.SmoothParameterIntegral (46s)
✔ [8800/8887] Built NavierStokes.SpatialBorelExtension (49s)
✔ [8801/8888] Built NavierStokes.ChartScales (42s)
✔ [8802/8891] Built NavierStokes.JointResidualLimits (51s)
✔ [8803/8891] Built NavierStokes.PastExtension (46s)
✔ [8804/8894] Built NavierStokes.ParametricKernelBounds (43s)
✔ [8805/8897] Built NavierStokes.ConeAlgebra (43s)
✔ [8806/8901] Built NavierStokes.FlatPrimitive (48s)
✔ [8807/8901] Built NavierStokes.AxisymmetricResidual (49s)
✔ [8808/8903] Built NavierStokes.R3.ComparisonSetup (43s)
✔ [8809/8903] Built NavierStokes.R3.CompactEnergy (47s)
✔ [8810/8903] Built NavierStokes.SpacetimeGluing (48s)
✔ [8811/8903] Built NavierStokes.LoopMoments (39s)
✔ [8812/8903] Built NavierStokes.GraphCalculus (41s)
✔ [8813/8903] Built NavierStokes.PhaseCalculus (49s)
✔ [8814/8903] Built NavierStokes.Covariance (39s)
✔ [8815/8903] Built NavierStokes.UniformCone (39s)
✔ [8816/8903] Built NavierStokes.PulseGrowth (37s)
✔ [8817/8903] Built NavierStokes.FlatPrimitiveFactor (49s)
✔ [8818/8903] Built NavierStokes.SmoothFourierData (80s)
✖ [8819/8903] Building NavierStokes.R3.ConservativeDifference (22s)
trace: .> LEAN_PATH=D:\_b429_external\repo\.lake\packages\Cli\.lake\build\lib\lean;D:\_b429_external\repo\.lake\packages\batteries\.lake\build\lib\lean;D:\_b429_external\repo\.lake\packages\Qq\.lake\build\lib\lean;D:\_b429_external\repo\.lake\packages\aesop\.lake\build\lib\lean;D:\_b429_external\repo\.lake\packages\proofwidgets\.lake\build\lib\lean;D:\_b429_external\repo\.lake\packages\importGraph\.lake\build\lib\lean;D:\_b429_external\repo\.lake\packages\LeanSearchClient\.lake\build\lib\lean;D:\_b429_external\repo\.lake\packages\plausible\.lake\build\lib\lean;D:\_b429_external\repo\.lake\packages\lean4export\.lake\build\lib\lean;D:\_b429_external\repo\.lake\packages\mathlib\.lake\build\lib\lean;D:\_b429_external\repo\.lake\packages\Comparator\.lake\build\lib\lean;D:\_b429_external\repo\.lake\build\lib\lean d:\_b429_external\elan\toolchains\leanprover--lean4---v4.34.0-rc2\bin\lean.exe D:\_b429_external\repo\NavierStokes\R3\ConservativeDifference.lean -o D:\_b429_external\repo\.lake\build\lib\lean\NavierStokes\R3\ConservativeDifference.olean -i D:\_b429_external\repo\.lake\build\lib\lean\NavierStokes\R3\ConservativeDifference.ilean -c D:\_b429_external\repo\.lake\build\ir\NavierStokes\R3\ConservativeDifference.c --setup D:\_b429_external\repo\.lake\build\ir\NavierStokes\R3\ConservativeDifference.setup.json --json
error: NavierStokes/R3/ConservativeDifference.lean:1:0: failed to read file 'D:\_b429_external\repo\.lake\packages\mathlib\.lake\build\lib\lean\Mathlib\Topology\UniformSpace\Closeds.olean.private'
✔ [8820/8903] Built NavierStokes.LocalAxisymmetricResidual (57s)
✔ [8821/8903] Built NavierStokes.R3.WeightedInterpolation (45s)
✔ [8823/8903] Built NavierStokes.R3.PairedKernelBound (56s)
✔ [8824/8903] Built NavierStokes.R3.RadialKernelBounds (59s)
✔ [8825/8903] Built NavierStokes.R3.HeatKernel (50s)
✔ [8826/8903] Built NavierStokes.R3.ComparisonFourierSetup (49s)
✔ [8827/8903] Built NavierStokes.R3.LpNormTools (47s)
✔ [8828/8903] Built NavierStokes.R3.GradientOperator (49s)
✔ [8829/8903] Built NavierStokes.R3.HeatKernelCancellation (51s)
✔ [8830/8903] Built NavierStokes.R3.ComparisonCutoffs (41s)
✔ [8831/8904] Built NavierStokes.SmoothCovariance (64s)
✔ [8832/8904] Built NavierStokes.R3.LocalizedTransport (92s)
✔ [8833/8904] Built NavierStokes.HarmonicCalculus (83s)
✔ [8834/8907] Built NavierStokes.R3.LocalizedLaplacian (93s)
✔ [8835/8907] Built NavierStokes.SmoothLoop (88s)
✔ [8836/8907] Built NavierStokes.GaussianEnvelope (86s)
✔ [8837/8907] Built NavierStokes.ParametricFlatFactor (86s)
✔ [8838/8907] Built NavierStokes.CandidateFromLimits (97s)
✔ [8839/8907] Built NavierStokes.R3.HeatKernelTimeBound (87s)
✔ [8840/8907] Built NavierStokes.CylindricalResidual (94s)
✔ [8841/8907] Built NavierStokes.ParametricTorusInverse (97s)
✖ [8842/8907] Building NavierStokes.R3.WeakTimeContinuity (14s)
trace: .> LEAN_PATH=D:\_b429_external\repo\.lake\packages\Cli\.lake\build\lib\lean;D:\_b429_external\repo\.lake\packages\batteries\.lake\build\lib\lean;D:\_b429_external\repo\.lake\packages\Qq\.lake\build\lib\lean;D:\_b429_external\repo\.lake\packages\aesop\.lake\build\lib\lean;D:\_b429_external\repo\.lake\packages\proofwidgets\.lake\build\lib\lean;D:\_b429_external\repo\.lake\packages\importGraph\.lake\build\lib\lean;D:\_b429_external\repo\.lake\packages\LeanSearchClient\.lake\build\lib\lean;D:\_b429_external\repo\.lake\packages\plausible\.lake\build\lib\lean;D:\_b429_external\repo\.lake\packages\lean4export\.lake\build\lib\lean;D:\_b429_external\repo\.lake\packages\mathlib\.lake\build\lib\lean;D:\_b429_external\repo\.lake\packages\Comparator\.lake\build\lib\lean;D:\_b429_external\repo\.lake\build\lib\lean d:\_b429_external\elan\toolchains\leanprover--lean4---v4.34.0-rc2\bin\lean.exe D:\_b429_external\repo\NavierStokes\R3\WeakTimeContinuity.lean -o D:\_b429_external\repo\.lake\build\lib\lean\NavierStokes\R3\WeakTimeContinuity.olean -i D:\_b429_external\repo\.lake\build\lib\lean\NavierStokes\R3\WeakTimeContinuity.ilean -c D:\_b429_external\repo\.lake\build\ir\NavierStokes\R3\WeakTimeContinuity.c --setup D:\_b429_external\repo\.lake\build\ir\NavierStokes\R3\WeakTimeContinuity.setup.json --json
error: NavierStokes/R3/WeakTimeContinuity.lean:1:0: failed to read file 'D:\_b429_external\repo\.lake\packages\mathlib\.lake\build\lib\lean\Mathlib\Algebra\Ring\GeomSum.olean.private'
✔ [8843/8907] Built NavierStokes.R3.GaussianMoments (58s)
✔ [8844/8907] Built NavierStokes.R3.FourierConvolution (46s)
✔ [8845/8907] Built NavierStokes.R3.WeakFourierUniqueness (47s)
✔ [8846/8907] Built NavierStokes.R3.SchwartzParseval (51s)
✔ [8847/8907] Built NavierStokes.R3.RieszSymbolRegularity (53s)
✔ [8848/8907] Built NavierStokes.R3.FourierTestDerivatives (52s)
✔ [8849/8907] Built NavierStokes.R3.HeatKernelFubini (46s)
✔ [8850/8907] Built NavierStokes.R3.ComparisonFiniteEnergy (47s)
✔ [8851/8907] Built NavierStokes.R3.FourierSobolevWeights (58s)
✔ [8852/8907] Built NavierStokes.R3.WeightedSobolev (51s)
