b430 -- THE BUILD AT THE PIN, ONE JOB AT A TIME.
  kernel   : D:/SIDE-global-section
  pin      : 6e454b1b7ba3ad023692ff2c85444392c0fd5e03
  toolchain: leanprover/lean4:v4.29.1   ### the kernel's own lean-toolchain, honoured by elan
  scratch  : OUTSIDE every rostered repository; the repo's own build/ is NOT written

  === job: FiniteSideSeal
'B329.mul_assoc'' does not depend on any axioms
'B329.pow_add'' does not depend on any axioms
'B329.add_right_cancel'' does not depend on any axioms
'B329.add_left_cancel'' does not depend on any axioms
'B329.multiple_of_add_multiple' does not depend on any axioms
'B329.search' does not depend on any axioms
'B329.valuation_exists' does not depend on any axioms
'B329.valuation_unique' does not depend on any axioms
'B329.exponent_below_level' does not depend on any axioms
'B329.index_decomposes' does not depend on any axioms
'B329.action_factors' does not depend on any axioms
'B329.geom_identity' does not depend on any axioms
'B329.scaling_shift_inverse' does not depend on any axioms
'B329.scaling_congruence_forces_ball' does not depend on any axioms
'B329.scaling_fixed_point_in_ball' does not depend on any axioms
'B329.scaling_fixes_nothing_off_ball' does not depend on any axioms
'B329.identity_fixes_every_index' does not depend on any axioms
'B329.unit_fixes_offball_at_cells' does not depend on any axioms
'B329.some_unit_fixes_offball_above_level_one' does not depend on any axioms
'B329.no_unit_fixes_offball_at_level_one' does not depend on any axioms
'B329.compact_smear_vanishes_at_cells' does not depend on any axioms
'B329.identity_trace_is_the_dimension' does not depend on any axioms
'B329.traces_not_all_zero_off_identity' does not depend on any axioms
'B329.finite_side_silence' does not depend on any axioms
      rc=0
  === job: SinglePrimeFactor
      rc=0
  === job: SmearGeneral
Core/SmearGeneral.lean:147:14: warning: unused variable `t`

Note: This linter can be disabled with `set_option linter.unusedVariables false`
      rc=0
