========================================================================================================
b492 -- THE RUN. ### 35 CELLS, b477`S RECIPE AND GRID, b477`S FLOOR 1.49e-08.
========================================================================================================
### PHASE 1 -- THE DIAGONAL CHECK AT EVERY CELL. ### A MISMATCH HALTS BEFORE ANY TERM.

   0  a=1.300000     W=-8.781152815578421  banked=-8.781152815578421  |diff|=0.00e+00   OK   terms=0    6.8s
   1  a=1.350000     W=-7.130736563027189  banked=-7.130736563027189  |diff|=0.00e+00   OK   terms=0    3.9s
   2  a=1.410000     W=-5.747984142200904  banked=-5.747984142200904  |diff|=0.00e+00   OK   terms=0    3.9s
   3  a=1.500000     W=-4.372721018491251  banked=-4.372721018491251  |diff|=0.00e+00   OK   terms=1    3.8s
   4  a=1.700000     W=-2.715106454313245  banked=-2.715106454313245  |diff|=0.00e+00   OK   terms=1    3.9s
   5  a=1.900000     W=-1.912333391177086  banked=-1.912333391177086  |diff|=0.00e+00   OK   terms=2    3.9s
   6  a=1.990000     W=-1.687055939342182  banked=-1.687055939342182  |diff|=0.00e+00   OK   terms=2    3.9s
   7  a=2.000000     W=-1.664641787121922  banked=-1.664641787121922  |diff|=0.00e+00   OK   terms=3    4.0s
   8  a=2.010000     W=-1.642639939771597  banked=-1.642639939771597  |diff|=0.00e+00   OK   terms=3    4.0s
   9  a=2.100000     W=-1.460364509702692  banked=-1.460364509702692  |diff|=0.00e+00   OK   terms=3    4.0s
  10  a=2.400000     W=-0.982995001963134  banked=-0.982995001963134  |diff|=0.00e+00   OK   terms=4    4.0s
  11  a=2.800000     W=-0.499406882899442  banked=-0.499406882899442  |diff|=0.00e+00   OK   terms=5    4.0s
  12  a=3.000000     W=-0.315810512076874  banked=-0.315810512076874  |diff|=0.00e+00   OK   terms=7    3.9s
  13  a=3.158312     W=-0.204670844159073  banked=-0.204670844159073  |diff|=0.00e+00   OK   terms=7    3.9s
  14  a=3.316625     W=-0.125647267316394  banked=-0.125647267316394  |diff|=0.00e+00   OK   terms=8    3.9s
  15  a=3.461088     W=-0.078219034112984  banked=-0.078219034112984  |diff|=0.00e+00   OK   terms=8    3.9s
  16  a=3.605551     W=-0.049262635937124  banked=-0.049262635937124  |diff|=0.00e+00   OK   terms=8    3.9s
  17  a=3.802776     W=-0.030001686277735  banked=-0.030001686277735  |diff|=0.00e+00   OK   terms=9    4.0s
  18  a=4.000000     W=-0.024444369982369  banked=-0.024444369982369  |diff|=0.00e+00   OK   terms=10   3.9s
  19  a=4.061553     W=-0.024337988012130  banked=-0.024337988012130  |diff|=0.00e+00   OK   terms=10   3.9s
  20  a=4.123106     W=-0.024733268208107  banked=-0.024733268208107  |diff|=0.00e+00   OK   terms=11   3.9s
  21  a=4.241002     W=-0.026472815784793  banked=-0.026472815784793  |diff|=0.00e+00   OK   terms=11   4.3s
  22  a=4.358899     W=-0.028976591070485  banked=-0.028976591070485  |diff|=0.00e+00   OK   terms=12   5.6s
  23  a=4.577365     W=-0.034198224761486  banked=-0.034198224761486  |diff|=0.00e+00   OK   terms=12   4.3s
  24  a=4.795832     W=-0.038794316325336  banked=-0.038794316325336  |diff|=0.00e+00   OK   terms=13   4.2s
  25  a=4.897916     W=-0.040399571267035  banked=-0.040399571267035  |diff|=0.00e+00   OK   terms=13   4.0s
  26  a=5.000000     W=-0.041538018336602  banked=-0.041538018336602  |diff|=0.00e+00   OK   terms=14   3.9s
  27  a=5.098076     W=-0.042150200245911  banked=-0.042150200245911  |diff|=0.00e+00   OK   terms=14   3.9s
  28  a=5.196152     W=-0.042289858443502  banked=-0.042289858443502  |diff|=0.00e+00   OK   terms=14   3.9s
  29  a=5.290659     W=-0.042009868709757  banked=-0.042009868709757  |diff|=0.00e+00   OK   terms=15   4.0s
  30  a=5.385165     W=-0.041378305792567  banked=-0.041378305792567  |diff|=0.00e+00   OK   terms=16   3.9s
  31  a=5.476465     W=-0.040498112399787  banked=-0.040498112399787  |diff|=0.00e+00   OK   terms=16   3.9s
  32  a=5.567764     W=-0.039418051771662  banked=-0.039418051771662  |diff|=0.00e+00   OK   terms=16   4.1s
  33  a=5.612309     W=-0.038837541871299  banked=-0.038837541871299  |diff|=0.00e+00   OK   terms=17   4.1s
  34  a=5.656854     W=-0.038231184517572  banked=-0.038231184517572  |diff|=0.00e+00   OK   terms=17   4.1s

### ### **THE DIAGONAL CHECK PASSED AT ALL 35 CELLS.**
    worst |W - banked| : ### **0.000e+00** ### against the floor 1.49e-08
    cells reproducing EXACTLY (|diff| = 0) : ### **35 of 35**
    worst |sum(terms) - PR| : ### **8.327e-17**
    total : 143.6 s

  written: b492_cells.json
