2026-09-23T17:58:36.199  ================================================================================================
2026-09-23T17:58:36.199  b495 -- THE DETACHED BUILD OF SIDE-explicit-formula. ### THE LOG IS NOT READ IN b495.
2026-09-23T17:58:36.199  kernel : D:\SIDE-explicit-formula
2026-09-23T17:58:36.199  pid    : 7860
2026-09-23T17:58:36.199  ### ### **EACH LINE BELOW CARRIES AN INSTANT TAKEN AT THAT LINE** -- b480 repaired.
2026-09-23T17:58:36.199  ================================================================================================
2026-09-23T17:58:36.199  ### ### **BEGIN lake build** : lake build
2026-09-23T17:58:48.582  info: mathlib: cloning https://github.com/leanprover-community/mathlib4
2026-09-23T18:07:24.126  info: mathlib: checking out revision '51e6992efd06126df61a496bebf8f49482a4e129'
2026-09-23T18:09:59.665  info: plausible: cloning https://github.com/leanprover-community/plausible
2026-09-23T18:10:01.695  info: plausible: checking out revision '123d15766ba49356c02ebad2a4462dfe12d79899'
2026-09-23T18:10:01.798  info: LeanSearchClient: cloning https://github.com/leanprover-community/LeanSearchClient
2026-09-23T18:10:03.528  info: LeanSearchClient: checking out revision 'f5c090429dff3cf66cb65562526c9ea6e8edfbcb'
2026-09-23T18:10:03.583  info: importGraph: cloning https://github.com/leanprover-community/import-graph
2026-09-23T18:10:06.304  info: importGraph: checking out revision 'bb3469a87774349fe01898d8bf2fc6a1ce6411ca'
2026-09-23T18:10:06.410  info: proofwidgets: cloning https://github.com/leanprover-community/ProofWidgets4
2026-09-23T18:10:10.939  info: proofwidgets: checking out revision '222c58dad7706a6e7cae46c0edd65ea881d3ee27'
2026-09-23T18:10:12.371  info: aesop: cloning https://github.com/leanprover-community/aesop
2026-09-23T18:10:16.270  info: aesop: checking out revision '7db8190085343afde2f5d2cdcc9bac719b6ec02c'
2026-09-23T18:10:16.626  info: Qq: cloning https://github.com/leanprover-community/quote4
2026-09-23T18:10:18.039  info: Qq: checking out revision 'ef42f8944eaf5b6cbfbe75d1917d824c7dd6cf33'
2026-09-23T18:10:18.104  info: batteries: cloning https://github.com/leanprover-community/batteries
2026-09-23T18:10:39.016  info: batteries: checking out revision '76e1c118b0700b4ceafe99532e887d6431625e1a'
2026-09-23T18:10:39.213  info: Cli: cloning https://github.com/leanprover/lean4-cli
2026-09-23T18:10:40.135  info: Cli: checking out revision '1319485273bf87833fa472afbcefdedecb16b45f'
2026-09-23T18:11:42.144  ✔ [195/261] Built Mathlib.Tactic.Linter.DirectoryDependency (20s)
2026-09-23T18:11:47.951  ✔ [217/400] Built Mathlib.Tactic.Linter.Header (5.8s)
2026-09-23T18:11:58.877  ✔ [218/400] Built Mathlib.Lean.Expr.Basic (10s)
2026-09-23T18:11:58.877  ✔ [219/400] Built Mathlib.Tactic.DeclarationNames (10s)
2026-09-23T18:11:58.877  ✔ [220/400] Built Mathlib.Util.ParseCommand (10s)
2026-09-23T18:11:58.877  ✔ [221/400] Built Mathlib.Tactic.TypeStar (10s)
2026-09-23T18:12:03.356  ✔ [222/400] Built Mathlib.Lean.Elab.Tactic.Meta (4.5s)
2026-09-23T18:12:03.684  ✔ [223/400] Built Mathlib.Lean.Environment (15s)
2026-09-23T18:12:03.684  ✔ [224/400] Built Mathlib.Tactic.MinImports (15s)
2026-09-23T18:12:03.798  ✔ [225/400] Built Mathlib.Tactic.Linter.PrivateModule (15s)
2026-09-23T18:12:03.798  ✔ [226/400] Built Mathlib.Tactic.Linter.TacticDocumentation (15s)
2026-09-23T18:12:03.798  ✔ [227/400] Built Mathlib.Tactic.Linter.UnusedTacticExtension (15s)
2026-09-23T18:12:03.909  ✔ [228/400] Built Mathlib.Tactic.Linter.Whitespace (15s)
2026-09-23T18:12:07.961  ✔ [230/400] Built Mathlib.Tactic.Linter.HashCommandLinter (4.5s)
2026-09-23T18:12:08.064  ✔ [231/400] Built Mathlib.Tactic.Linter.HaveILetI (4.4s)
2026-09-23T18:12:08.282  ✔ [232/400] Built Mathlib.Tactic.Linter.GlobalAttributeIn (4.6s)
2026-09-23T18:12:08.809  ✔ [233/400] Built Mathlib.Tactic.Linter.DeprecatedSyntaxLinter (4.0s)
2026-09-23T18:12:09.351  ✔ [234/400] Built Mathlib.Tactic.Linter.AuxLemma (3.0s)
2026-09-23T18:12:11.217  ✔ [235/400] Built Mathlib.Tactic.Linter.DocPrime (7.4s)
2026-09-23T18:12:11.217  ✔ [236/400] Built Mathlib.Tactic.Linter.EmptyLine (7.4s)
2026-09-23T18:12:11.436  ✔ [237/400] Built Mathlib.Tactic.Linter.DocString (7.6s)
2026-09-23T18:12:11.651  ✔ [238/400] Built Mathlib.Tactic.Lemma (3.8s)
2026-09-23T18:12:12.087  ✔ [239/400] Built Mathlib.Lean.Linter (3.8s)
2026-09-23T18:12:14.053  ✔ [240/400] Built Mathlib.Tactic.Linter.Style (5.3s)
2026-09-23T18:12:15.369  ✔ [242/400] Built Mathlib.Lean.Elab.InfoTree (3.0s)
2026-09-23T18:12:15.478  ✔ [243/400] Built Mathlib.Lean.ContextInfo (4.2s)
2026-09-23T18:12:17.666  ✔ [246/402] Built Mathlib.Tactic.Linter.UnusedTactic (5.6s)
2026-09-23T18:12:19.971  ✔ [250/406] Built Mathlib.Tactic.ExtractGoal (8.2s)
2026-09-23T18:12:20.733  ✔ [255/409] Built Mathlib.Tactic.Linter.UnusedInstancesInType (5.3s)
2026-09-23T18:12:21.610  ✔ [256/413] Built Mathlib.Tactic.AdaptationNote (13s)
2026-09-23T18:12:21.829  ✔ [259/414] Built Mathlib.Util.CodeActions.BinderPlicity (33s)
2026-09-23T18:12:24.451  ✔ [273/427] Built Mathlib.Tactic.TacticAnalysis (9.1s)
2026-09-23T18:12:24.451  ✔ [274/427] Built Mathlib.Tactic.Linter.Lint (15s)
2026-09-23T18:12:24.451  ✔ [275/427] Built Mathlib.Tactic.Lift (13s)
2026-09-23T18:12:24.888  ✔ [279/431] Built Mathlib.Util.CodeActions (3.0s)
2026-09-23T18:12:25.658  ✔ [280/438] Built Mathlib.Tactic.Linter.Multigoal (26s)
2026-09-23T18:12:25.658  ✔ [281/438] Built Mathlib.Tactic.Linter.OldObtain (26s)
2026-09-23T18:12:25.765  ✔ [282/439] Built Mathlib.Tactic.Linter.FlexibleLinter (26s)
2026-09-23T18:12:25.981  ✔ [283/441] Built Mathlib.Tactic.Linter.OverlappingInstances (5.2s)
2026-09-23T18:12:32.092  ✔ [295/452] Built Mathlib.Tactic.TacticAnalysis.Declarations (7.6s)
2026-09-23T18:12:41.712  ✔ [310/562] Built Mathlib.Tactic.Linter.MinImports (3.6s)
2026-09-23T18:12:45.662  ✔ [311/602] Built Mathlib.Util.PrintSorries (4.5s)
2026-09-23T18:12:49.813  ✔ [313/647] Built Mathlib.Init (17s)
2026-09-23T18:13:04.003  ✔ [314/647] Built Mathlib.Tactic.SwapVar (14s)
2026-09-23T18:13:04.003  ✔ [315/647] Built Mathlib.Logic.Function.ULift (14s)
2026-09-23T18:13:07.612  ✔ [316/647] Built Mathlib.Tactic.SudoSetOption (3.7s)
2026-09-23T18:13:10.890  ✔ [317/647] Built Mathlib.Tactic.Variable (6.9s)
2026-09-23T18:13:15.504  ✔ [318/647] Built Mathlib.Tactic.Simproc.ExistsAndEq (7.8s)
2026-09-23T18:13:18.697  ✔ [319/647] Built Mathlib.Tactic.SimpIntro (7.9s)
2026-09-23T18:13:22.744  ✔ [320/647] Built Mathlib.Tactic.Set (3.0s)
2026-09-23T18:13:24.820  ✔ [321/647] Built Mathlib.Tactic.SuccessIfFailWithMsg (9.3s)
2026-09-23T18:13:26.025  ✔ [322/647] Built Mathlib.Util.Tactic (3.3s)
2026-09-23T18:13:28.107  ✔ [323/647] Built Mathlib.Tactic.Rename (3.3s)
2026-09-23T18:13:29.744  ✔ [324/647] Built Mathlib.Tactic.Relation.Rfl (3.7s)
2026-09-23T18:13:31.612  ✔ [325/647] Built Mathlib.Tactic.Recover (3.5s)
2026-09-23T18:13:32.923  ✔ [326/647] Built Mathlib.Tactic.RSuffices (3.2s)
2026-09-23T18:13:33.179  ✔ [327/647] Built Mathlib.Tactic.Trace (43s)
2026-09-23T18:13:33.179  ✔ [328/647] Built Mathlib.Tactic.UnsetOption (43s)
2026-09-23T18:13:33.179  ✔ [329/647] Built Mathlib.Data.List.TFAE (43s)
2026-09-23T18:13:33.179  ✔ [330/647] Built Mathlib.Data.Bracket (43s)
2026-09-23T18:13:33.179  ✔ [331/647] Built Mathlib.Logic.Function.CompTypeclasses (43s)
2026-09-23T18:13:33.295  ✔ [332/647] Built Mathlib.Util.CountHeartbeats (43s)
2026-09-23T18:13:33.295  ✔ [333/647] Built Mathlib.Util.TransImports (43s)
2026-09-23T18:13:33.295  ✔ [334/647] Built Mathlib.Util.AtomM (43s)
2026-09-23T18:13:33.295  ✔ [335/647] Built Mathlib.Tactic.Finiteness.Attr (43s)
2026-09-23T18:13:33.295  ✔ [336/647] Built Mathlib.Util.PPOptions (43s)
2026-09-23T18:13:39.506  ✔ [337/647] Built Mathlib.Tactic.GuardHypNums (6.3s)
2026-09-23T18:13:39.892  ✔ [338/647] Built Mathlib.Tactic.Linter.UpstreamableDecl (7.0s)
2026-09-23T18:13:40.439  ✔ [339/647] Built Mathlib.Util.TermReduce (7.3s)
2026-09-23T18:13:40.650  ✔ [340/647] Built Mathlib.Tactic.FunProp.Mor (7.3s)
2026-09-23T18:13:40.975  ✔ [341/647] Built Mathlib.Tactic.InferParam (7.8s)
2026-09-23T18:13:42.402  ✔ [342/647] Built Mathlib.Tactic.GrindAttrs (9.1s)
2026-09-23T18:13:42.402  ✔ [343/647] Built Mathlib.Tactic.GuardGoalNums (9.1s)
2026-09-23T18:13:42.403  ✔ [344/647] Built Mathlib.Tactic.HigherOrder (9.2s)
2026-09-23T18:13:42.403  ✔ [345/647] Built Mathlib.Tactic.Linter.HaveLetLinter (9.2s)
2026-09-23T18:13:42.403  ✔ [346/647] Built Mathlib.Tactic.Linter.PPRoundtrip (9.2s)
2026-09-23T18:13:42.606  ✔ [347/647] Built Mathlib.Tactic.FunProp.ToBatteries (9.3s)
2026-09-23T18:13:47.202  ✔ [348/647] Built Mathlib.Tactic.ExistsI (6.6s)
2026-09-23T18:13:47.202  ✔ [349/647] Built Mathlib.Tactic.Find (7.3s)
2026-09-23T18:13:47.656  ✔ [350/647] Built Mathlib.Tactic.FailIfNoProgress (7.2s)
2026-09-23T18:13:47.996  ✔ [351/647] Built Mathlib.Tactic.FunProp.Decl (8.5s)
2026-09-23T18:13:49.687  ✔ [352/647] Built Mathlib.Tactic.ErwQuestion (8.7s)
2026-09-23T18:13:50.117  ✔ [353/647] Built Mathlib.Lean.MessageData.Trace (7.7s)
2026-09-23T18:13:50.868  ✔ [354/647] Built Mathlib.Lean.Meta.KAbstractPositions (8.3s)
2026-09-23T18:13:54.921  ✔ [355/647] Built Mathlib.Lean.GoalsLocation (7.8s)
2026-09-23T18:13:55.033  ✔ [356/647] Built Mathlib.Lean.FoldEnvironment (7.0s)
2026-09-23T18:13:55.033  ✔ [357/647] Built Mathlib.Tactic.Widget.SelectInsertParamsClass (7.9s)
2026-09-23T18:13:55.591  ✔ [358/647] Built Mathlib.Lean.Meta.RefinedDiscrTree.Basic (7.9s)
2026-09-23T18:13:55.810  ✔ [359/647] Built Mathlib.Tactic.Observe (24s)
2026-09-23T18:13:56.138  ✔ [360/647] Built Mathlib.Tactic.Constructor (13s)
2026-09-23T18:13:56.248  ✔ [361/647] Built Mathlib.Tactic.DefEqTransformations (13s)
2026-09-23T18:13:56.248  ✔ [362/647] Built Mathlib.Tactic.DSimpPercent (13s)
2026-09-23T18:13:56.363  ✔ [363/647] Built Mathlib.Tactic.NthRewrite (6.7s)
2026-09-23T18:13:56.363  ✔ [364/647] Built Mathlib.Tactic.DeprecateTo (13s)
2026-09-23T18:13:56.683  ✔ [365/647] Built Mathlib.Tactic.Clear_ (6.5s)
2026-09-23T18:13:57.881  ✔ [366/647] Built Mathlib.Util.WhatsNew (7.0s)
2026-09-23T18:14:02.462  ✔ [367/647] Built Mathlib.Tactic.ClearExcept (7.5s)
2026-09-23T18:14:03.026  ✔ [368/647] Built Mathlib.Tactic.Check (7.9s)
2026-09-23T18:14:03.737  ✔ [369/647] Built Mathlib.Tactic.ClearExclamation (8.7s)
2026-09-23T18:14:05.910  ✔ [370/647] Built Mathlib.Tactic.PPWithUniv (10s)
2026-09-23T18:14:07.091  ✔ [371/647] Built Mathlib.Tactic.ApplyCongr (10s)
2026-09-23T18:14:07.338  ✔ [372/647] Built Mathlib.Tactic.ToExpr (11s)
2026-09-23T18:14:07.674  ✔ [373/647] Built Mathlib.Util.AtLocation (11s)
2026-09-23T18:14:07.892  ✔ [374/647] Built Mathlib.Data.Option.Defs (11s)
2026-09-23T18:14:08.135  ✔ [375/647] Built Mathlib.Tactic.Coe (10s)
2026-09-23T18:14:08.135  ✔ [376/647] Built Mathlib.Tactic.CasesM (12s)
2026-09-23T18:14:09.311  ✔ [377/647] Built Mathlib.Lean.Meta.Basic (13s)
2026-09-23T18:14:09.423  ✔ [378/647] Built Mathlib.Tactic.ApplyWith (13s)
2026-09-23T18:14:10.851  ✔ [379/647] Built Mathlib.Control.Combinators (8.4s)
2026-09-23T18:14:12.610  ✔ [380/647] Built Mathlib.Tactic.GCongr.ForwardAttr (9.6s)
2026-09-23T18:14:12.732  ✔ [381/647] Built Mathlib.Data.Ordering.Basic (9.0s)
2026-09-23T18:14:15.005  ✔ [382/647] Built Mathlib.Util.WithWeakNamespace (7.9s)
2026-09-23T18:14:15.440  ✔ [383/647] Built Mathlib.Tactic.Substs (7.7s)
2026-09-23T18:14:15.886  ✔ [384/647] Built Mathlib.Lean.Elab.Term (7.0s)
2026-09-23T18:14:16.570  ✔ [385/647] Built Mathlib.Tactic.Use (9.2s)
2026-09-23T18:14:17.125  ✔ [386/647] Built Mathlib.Tactic.Conv (11s)
2026-09-23T18:14:17.902  ✔ [387/647] Built Mathlib.Tactic.Inhabit (8.6s)
2026-09-23T18:14:17.902  ✔ [388/647] Built Mathlib.Tactic.FastInstance (9.8s)
2026-09-23T18:14:18.993  ✔ [389/647] Built Mathlib.Logic.IsEmpty.Defs (9.6s)
2026-09-23T18:14:20.237  ✔ [390/647] Built Mathlib.Util.CompileInductive (12s)
2026-09-23T18:14:22.202  ✔ [391/647] Built Mathlib.Tactic.ExtendDoc (9.4s)
2026-09-23T18:14:22.648  ✔ [392/647] Built Mathlib.Tactic.SimpRw (10s)
2026-09-23T18:14:23.539  ✔ [393/647] Built Mathlib.Tactic.Core (12s)
2026-09-23T18:14:24.500  ✔ [394/647] Built Mathlib.Logic.Nonempty (9.1s)
2026-09-23T18:14:27.317  ✔ [395/647] Built Mathlib.Tactic.Push.Attr (12s)
2026-09-23T18:14:27.900  ✔ [396/647] Built Mathlib.Lean.PrettyPrinter.Delaborator (10s)
2026-09-23T18:14:28.240  ✔ [397/647] Built Mathlib.Logic.ExistsUnique (12s)
2026-09-23T18:14:28.359  ✔ [398/647] Built Mathlib.Data.Nat.Notation (9.3s)
2026-09-23T18:14:29.040  ✔ [399/647] Built Mathlib.Tactic.Attr.Register (11s)
2026-09-23T18:14:29.950  ✔ [400/647] Built Mathlib.Tactic.CrossRefAttribute (12s)
2026-09-23T18:14:31.372  ✔ [401/647] Built Mathlib.Tactic.OfNat (9.2s)
2026-09-23T18:14:32.986  ✔ [402/647] Built Mathlib.Lean.Meta (9.4s)
2026-09-23T18:14:33.450  ✔ [403/647] Built Mathlib.Data.Nat.BinaryRec (10s)
2026-09-23T18:14:33.450  ✔ [404/647] Built Mathlib.Lean.Name (8.9s)
2026-09-23T18:14:34.664  ✔ [405/647] Built Mathlib.Util.AddRelatedDecl (14s)
2026-09-23T18:14:35.746  ✔ [406/647] Built Mathlib.Tactic.DepRewrite (19s)
2026-09-23T18:14:36.459  ✔ [407/647] Built Mathlib.Data.Int.Notation (9.2s)
2026-09-23T18:14:37.134  ✔ [408/647] Built Mathlib.Data.String.Defs (8.9s)
2026-09-23T18:14:38.181  ✔ [409/647] Built Mathlib.Tactic.Translate.Attributes (9.1s)
2026-09-23T18:14:38.978  ✔ [410/647] Built Mathlib.Tactic.Translate.UnfoldBoundary (11s)
2026-09-23T18:14:39.566  ✔ [411/647] Built Mathlib.Tactic.Eqns (9.6s)
2026-09-23T18:14:41.937  ✔ [412/647] Built Mathlib.Tactic.Simps.NotationClass (10s)
2026-09-23T18:14:42.745  ✔ [413/647] Built Mathlib.Lean.Meta.Simp (9.8s)
2026-09-23T18:14:43.732  ✔ [414/647] Built Mathlib.Tactic.RenameBVar (10s)
2026-09-23T18:14:43.946  ✔ [415/647] Built Mathlib.Tactic.Spread (10s)
2026-09-23T18:14:44.396  ✔ [416/647] Built Mathlib.Tactic.Linter (8.7s)
2026-09-23T18:14:44.732  ✔ [417/647] Built Mathlib.Tactic.Translate.Reorder (16s)
2026-09-23T18:14:48.928  ✔ [418/647] Built Mathlib.Tactic.FunProp.FunctionData (12s)
2026-09-23T18:14:49.045  ✔ [419/647] Built Mathlib.Lean.Meta.RefinedDiscrTree.Encode (9.5s)
2026-09-23T18:14:49.283  ✔ [420/647] Built Mathlib.Tactic.Widget.SelectPanelUtils (11s)
2026-09-23T18:14:49.732  ✔ [421/647] Built Mathlib.Lean.Meta.RefinedDiscrTree.Initialize (10s)
2026-09-23T18:14:49.963  ✔ [422/647] Built Mathlib.Tactic.ToLevel (7.0s)
2026-09-23T18:14:50.511  ✔ [423/647] Built Mathlib.Tactic.DefEqAbuse (13s)
2026-09-23T18:14:53.110  ✔ [424/647] Built Mathlib.Util.Delaborators (18s)
2026-09-23T18:14:53.784  ✔ [425/649] Built Mathlib.Tactic.ApplyAt (10s)
2026-09-23T18:14:55.188  ✔ [426/649] Built Mathlib.Tactic.Basic (10s)
2026-09-23T18:14:56.502  ✔ [427/649] Built Mathlib.Tactic.FBinop (13s)
2026-09-23T18:14:56.732  ✔ [428/649] Built Mathlib.Tactic.ScopedNS (12s)
2026-09-23T18:14:56.847  ✔ [429/649] Built Mathlib.Lean.Meta.CongrTheorems (12s)
2026-09-23T18:14:58.340  ✔ [430/649] Built Mathlib.Tactic.Attr.Core (8.4s)
2026-09-23T18:14:58.668  ✔ [431/649] Built Mathlib.Logic.Nontrivial.Defs (9.6s)
2026-09-23T18:14:59.892  ✔ [432/649] Built Mathlib.Tactic.SplitIfs (10s)
2026-09-23T18:15:00.474  ✔ [433/649] Built Mathlib.Logic.Function.Defs (10s)
2026-09-23T18:15:01.488  ✔ [434/649] Built Mathlib.Tactic.MkIffOfInductiveProp (10s)
2026-09-23T18:15:05.858  ✔ [435/656] Built Mathlib.Tactic.Translate.GuessName (10s)
2026-09-23T18:15:05.963  ✔ [436/656] Built Mathlib.Tactic.TFAE (16s)
2026-09-23T18:15:07.928  ✔ [437/656] Built Mathlib.Data.Int.Init (13s)
2026-09-23T18:15:08.040  ✔ [438/656] Built Mathlib.Data.Nat.Init (14s)
2026-09-23T18:15:08.261  ✔ [439/656] Built Mathlib.Tactic.IrreducibleDef (11s)
2026-09-23T18:15:09.204  ✔ [440/656] Built Mathlib.Tactic.FunProp.Types (10s)
2026-09-23T18:15:10.578  ✔ [441/656] Built Mathlib.Lean.Meta.RefinedDiscrTree.Lookup (11s)
2026-09-23T18:15:11.020  ✔ [442/656] Built Mathlib.Logic.Basic (14s)
2026-09-23T18:15:11.768  ✔ [443/656] Built Mathlib.Tactic.Widget.CongrM (10s)
2026-09-23T18:15:14.909  ✔ [444/656] Built Mathlib.Tactic.Widget.Conv (14s)
2026-09-23T18:15:15.366  ✔ [445/656] Built Mathlib.Tactic.Widget.Calc (15s)
2026-09-23T18:15:17.301  ✔ [446/656] Built Mathlib.Tactic.Hint (10s)
2026-09-23T18:15:17.414  ✔ [447/656] Built Mathlib.Tactic.Says (11s)
2026-09-23T18:15:17.841  ✔ [448/656] Built Mathlib.Data.SProd (9.9s)
2026-09-23T18:15:17.951  ✔ [449/657] Built Mathlib.Tactic.Simps.Basic (21s)
2026-09-23T18:15:19.828  ✔ [450/657] Built Mathlib.Logic.Relator (9.2s)
2026-09-23T18:15:20.836  ✔ [451/657] Built Mathlib.Control.Basic (11s)
2026-09-23T18:15:23.787  ✔ [452/663] Built Mathlib.Tactic.TermCongr (15s)
2026-09-23T18:15:24.143  ✔ [453/663] Built Mathlib.Tactic.SetNotationForOrder (12s)
2026-09-23T18:15:25.167  ✔ [454/670] Built Mathlib.Data.Prod.PProd (10s)
2026-09-23T18:15:26.515  ✔ [456/673] Built Mathlib.Tactic.FunProp.Theorems (10s)
2026-09-23T18:15:26.864  ✔ [457/673] Built Mathlib.Lean.Meta.RefinedDiscrTree (9.4s)
2026-09-23T18:15:29.472  ✔ [458/675] Built Mathlib.Tactic.Subsingleton (11s)
2026-09-23T18:15:31.863  ✔ [459/675] Built Mathlib.Logic.OpClass (10s)
2026-09-23T18:15:32.880  ✔ [460/683] Built Mathlib.Tactic.CongrM (9.1s)
2026-09-23T18:15:32.990  ✔ [461/687] Built Mathlib.Tactic.Monotonicity.Attr (8.7s)
2026-09-23T18:15:33.211  ✔ [462/692] Built Mathlib.Tactic.CongrExclamation (15s)
2026-09-23T18:15:34.633  ✔ [463/734] Built Mathlib.Data.Rat.Init (8.8s)
2026-09-23T18:15:35.363  ✔ [464/741] Built Mathlib.Tactic.FunProp.Attr (8.8s)
2026-09-23T18:15:35.470  ✔ [465/742] Built Mathlib.Tactic.Tauto (17s)
2026-09-23T18:15:36.240  ✔ [466/760] Built Mathlib.Util.Notation3 (28s)
2026-09-23T18:15:37.897  ✔ [467/768] Built Mathlib.Tactic.Push (18s)
2026-09-23T18:15:41.886  ✔ [468/768] Built Mathlib.Tactic.Translate.Core (30s)
2026-09-23T18:15:42.710  ✔ [469/769] Built Mathlib.Tactic.Bound.Init (10s)
2026-09-23T18:15:44.859  ✔ [470/769] Built Mathlib.Data.Option.NAry (10s)
2026-09-23T18:15:45.553  ✔ [471/769] Built Mathlib.Tactic.HaveI (9.4s)
2026-09-23T18:15:45.783  ✔ [472/770] Built Mathlib.Tactic.Widget.LibraryRewrite (16s)
2026-09-23T18:15:45.903  ✔ [473/770] Built Mathlib.Lean.Expr.Rat (9.7s)
2026-09-23T18:15:46.586  ✔ [474/770] Built Mathlib.Tactic.FunProp.Core (19s)
2026-09-23T18:15:46.696  ✔ [475/770] Built Mathlib.Tactic.TryThis (10s)
2026-09-23T18:15:47.154  ✔ [476/770] Built Mathlib.Util.Qq (10s)
2026-09-23T18:15:47.511  ✔ [477/770] Built Mathlib.Util.AtomM.Recurse (11s)
2026-09-23T18:15:47.938  ✔ [478/770] Built Mathlib.Tactic.Convert (14s)
2026-09-23T18:15:49.815  ✔ [479/772] Built Mathlib.Tactic.ToFun (11s)
2026-09-23T18:15:51.021  ✔ [482/781] Built Mathlib.Data.Ineq (4.5s)
2026-09-23T18:15:52.229  ✔ [485/789] Built Mathlib.Tactic.ByContra (9.6s)
2026-09-23T18:15:53.231  ✔ [486/806] Built Mathlib.Tactic.WLOG (11s)
2026-09-23T18:15:55.681  ✔ [487/817] Built Mathlib.Tactic.FieldSimp.Attr (8.4s)
2026-09-23T18:15:55.897  ✔ [488/820] Built Mathlib.Tactic.Translate.TagUnfoldBoundary (10s)
2026-09-23T18:15:55.897  ✔ [489/820] Built Mathlib.Tactic.Contrapose (10s)
2026-09-23T18:15:55.897  ✔ [490/820] Built Mathlib.Tactic.ByCases (11s)
2026-09-23T18:15:55.897  ✔ [491/820] Built Mathlib.Util.DischargerAsTactic (7.8s)
2026-09-23T18:15:56.002  ✔ [492/824] Built Mathlib.Tactic.Translate.ToAdditive (10s)
2026-09-23T18:15:56.550  ✔ [493/829] Built Mathlib.Tactic.FunProp.Elab (9.0s)
2026-09-23T18:15:58.728  ✔ [494/836] Built Mathlib.Data.List.Monad (8.1s)
2026-09-23T18:15:58.939  ✔ [495/845] Built Mathlib.Util.SynthesizeUsing (7.6s)
2026-09-23T18:16:00.416  ✔ [496/875] Built Mathlib.Data.PNat.Notation (7.5s)
2026-09-23T18:16:00.776  ✔ [497/887] Built Mathlib.Tactic.Linarith.Oracle.SimplexAlgorithm.Datatypes (7.2s)
2026-09-23T18:16:03.612  ✔ [498/887] Built Mathlib.Lean.Meta.Tactic.Rewrite (7.7s)
2026-09-23T18:16:03.935  ✔ [499/887] Built Mathlib.Util.ElabWithoutMVars (7.9s)
2026-09-23T18:16:04.606  ✔ [500/906] Built Mathlib.Control.ULift (7.8s)
2026-09-23T18:16:04.729  ✔ [501/911] Built Mathlib.Tactic.FunProp (8.2s)
2026-09-23T18:16:05.171  ✔ [502/919] Built Mathlib.Data.Tree.Basic (9.2s)
2026-09-23T18:16:05.826  ✔ [503/933] Built Mathlib.Tactic.Translate.ToDual (9.9s)
2026-09-23T18:16:06.055  ✔ [504/935] Built Mathlib.Tactic.ToAdditive (9.0s)
2026-09-23T18:16:08.053  ✔ [505/967] Built Mathlib.Tactic.Bound.Attribute (21s)
2026-09-23T18:16:08.159  ✔ [506/968] Built Mathlib.Tactic.SetLike (8.0s)
2026-09-23T18:16:08.376  ✔ [507/971] Built Mathlib.Data.Int.Cast.Pi (7.8s)
2026-09-23T18:16:08.939  ✔ [509/995] Built Mathlib.Tactic.Linarith.Oracle.SimplexAlgorithm.SimplexAlgorithm (8.2s)
2026-09-23T18:16:09.381  ✔ [510/1005] Built Mathlib.Algebra.Notation (9.8s)
2026-09-23T18:16:10.553  ✔ [511/1028] Built Mathlib.Tactic.Linarith.Oracle.SimplexAlgorithm.Gauss (6.9s)
2026-09-23T18:16:13.065  ✔ [514/1098] Built Mathlib.Tactic.ToDual (7.3s)
2026-09-23T18:16:14.487  ✔ [515/1142] Built Mathlib.Algebra.Notation.Defs (8.5s)
2026-09-23T18:16:15.039  ✔ [516/1171] Built Mathlib.Data.Finset.Attr (6.9s)
2026-09-23T18:16:16.448  ✔ [517/1212] Built Mathlib.Tactic.Linarith.Oracle.SimplexAlgorithm.PositiveVector (5.9s)
2026-09-23T18:16:17.219  ✔ [518/1243] Built Mathlib.Data.Int.DivMod (6.5s)
2026-09-23T18:16:19.577  ✔ [519/1334] Built Mathlib.Util.DelabNonCanonical (6.6s)
2026-09-23T18:16:20.882  ✔ [520/1391] Built Mathlib.Tactic.Continuity.Init (7.0s)
2026-09-23T18:16:21.093  ✔ [521/1401] Built Mathlib.Order.Defs.Prop (7.0s)
2026-09-23T18:16:23.039  ✔ [522/1467] Built Mathlib.Order.Defs.PartialOrder (9.9s)
2026-09-23T18:16:23.153  ✔ [523/1468] Built Mathlib.Algebra.Regular.Defs (8.7s)
2026-09-23T18:16:23.260  ✔ [524/1472] Built Mathlib.Data.Set.Defs (10s)
2026-09-23T18:16:23.260  ✔ [525/1472] Built Mathlib.Algebra.Notation.Pi.Defs (8.8s)
2026-09-23T18:16:23.369  ✔ [526/1472] Built Mathlib.Order.Notation (10s)
2026-09-23T18:16:30.221  ✔ [527/1677] Built Mathlib.Tactic.Continuity (9.3s)
2026-09-23T18:16:31.628  ✔ [528/1723] Built Mathlib.Data.Set.CoeSort (8.4s)
2026-09-23T18:16:34.189  ✔ [529/1813] Built Mathlib.Order.TypeTags (10s)
2026-09-23T18:16:34.617  ✔ [530/1825] Built Mathlib.Control.Functor (11s)
2026-09-23T18:16:35.269  ✔ [531/1847] Built Mathlib.Order.Bounds.Defs (12s)
2026-09-23T18:16:35.270  ✔ [532/1847] Built Mathlib.Order.Interval.Set.Defs (12s)
2026-09-23T18:16:35.374  ✔ [533/1849] Built Mathlib.Order.Defs.Unbundled (12s)
2026-09-23T18:16:37.541  ✔ [534/1849] Built Mathlib.Tactic.ContinuousFunctionalCalculus (10s)
2026-09-23T18:16:39.176  ✔ [535/1861] Built Mathlib.Algebra.NeZero (16s)
2026-09-23T18:16:39.176  ✔ [536/1861] Built Mathlib.Lean.Expr.ExtraRecognizers (7.5s)
2026-09-23T18:16:39.289  ✔ [537/1867] Built Mathlib.Order.Defs.LinearOrder (16s)
2026-09-23T18:16:44.909  ✔ [538/1989] Built Mathlib.Data.ENat.Defs (10s)
2026-09-23T18:16:46.924  ✔ [539/1998] Built Mathlib.Control.Traversable.Basic (12s)
2026-09-23T18:16:47.135  ✔ [540/2009] Built Mathlib.Data.List.Defs (12s)
2026-09-23T18:16:49.133  ✔ [541/2062] Built Mathlib.Algebra.Group.Defs (25s)
2026-09-23T18:16:49.254  ✔ [542/2063] Built Mathlib.Data.Sigma.Lex (13s)
2026-09-23T18:16:49.374  ✔ [543/2063] Built Mathlib.Logic.Relation (13s)
2026-09-23T18:16:49.941  ✔ [544/2063] Built Mathlib.Logic.Function.Basic (14s)
2026-09-23T18:16:52.474  ✔ [545/2063] Built Mathlib.Data.Bool.Basic (13s)
2026-09-23T18:16:52.801  ✔ [546/2063] Built Mathlib.Data.Int.Order.Basic (13s)
2026-09-23T18:16:55.685  ✔ [547/2063] Built Mathlib.Algebra.Notation.Lemmas (14s)
2026-09-23T18:16:57.053  ✔ [548/2063] Built Mathlib.Tactic.GCongr.Core (21s)
2026-09-23T18:16:58.311  ✔ [549/2063] Built Mathlib.Data.Nat.Bits (11s)
2026-09-23T18:17:01.353  ✔ [550/2065] Built Mathlib.Algebra.Group.Nat.Defs (11s)
2026-09-23T18:17:01.353  ✔ [551/2065] Built Mathlib.Algebra.Group.Commutator (12s)
2026-09-23T18:17:02.335  ✔ [552/2065] Built Mathlib.Algebra.Group.Invertible.Defs (12s)
2026-09-23T18:17:02.680  ✔ [553/2065] Built Mathlib.Algebra.BigOperators.Group.List.Defs (13s)
2026-09-23T18:17:03.125  ✔ [554/2065] Built Mathlib.Algebra.Group.PUnit (14s)
2026-09-23T18:17:03.239  ✔ [555/2065] Built Mathlib.Control.Applicative (14s)
2026-09-23T18:17:03.903  ✔ [556/2065] Built Mathlib.Algebra.Group.Int.Defs (11s)
2026-09-23T18:17:07.414  ✔ [557/2065] Built Mathlib.Tactic.SuppressCompilation (23s)
2026-09-23T18:17:07.634  ✔ [558/2065] Built Mathlib.Data.Nat.Cast.Defs (14s)
2026-09-23T18:17:09.543  ✔ [559/2065] Built Mathlib.Algebra.Group.Semiconj.Defs (12s)
2026-09-23T18:17:09.543  ✔ [560/2065] Built Mathlib.Algebra.GroupWithZero.Defs (13s)
2026-09-23T18:17:12.417  ✔ [561/2065] Built Mathlib.Data.Sigma.Basic (11s)
2026-09-23T18:17:13.204  ✔ [562/2065] Built Mathlib.Logic.IsEmpty.Basic (10s)
2026-09-23T18:17:13.533  ✔ [563/2065] Built Mathlib.Logic.Pairwise (11s)
2026-09-23T18:17:14.291  ✔ [564/2069] Built Mathlib.Data.Subtype (11s)
2026-09-23T18:17:14.624  ✔ [565/2069] Built Mathlib.Algebra.Notation.Pi.Basic (13s)
2026-09-23T18:17:14.949  ✔ [566/2069] Built Mathlib.Data.Sum.Basic (11s)
2026-09-23T18:17:16.146  ✔ [567/2069] Built Mathlib.Tactic.Choose (13s)
2026-09-23T18:17:16.362  ✔ [568/2069] Built Mathlib.Algebra.Group.InjSurj (17s)
2026-09-23T18:17:18.194  ✔ [569/2069] Built Mathlib.Logic.Function.Conjugate (10s)
2026-09-23T18:17:18.311  ✔ [570/2069] Built Mathlib.Logic.Unique (10s)
2026-09-23T18:17:22.575  ✔ [571/2070] Built Mathlib.Tactic.GCongr.CoreAttrs (10s)
2026-09-23T18:17:24.537  ✔ [572/2070] Built Mathlib.Data.List.Flatten (14s)
2026-09-23T18:17:24.664  ✔ [573/2070] Built Mathlib.Data.Nat.Basic (15s)
2026-09-23T18:17:25.671  ✔ [574/2070] Built Mathlib.Data.Int.Cast.Defs (11s)
2026-09-23T18:17:25.996  ✔ [575/2070] Built Mathlib.Data.Nat.Cast.NeZero (12s)
2026-09-23T18:17:26.783  ✔ [576/2070] Built Mathlib.Algebra.GroupWithZero.Nat (12s)
2026-09-23T18:17:29.161  ✔ [577/2070] Built Mathlib.Algebra.Group.Commute.Defs (14s)
2026-09-23T18:17:29.396  ✔ [578/2070] Built Mathlib.Algebra.GroupWithZero.Regular (13s)
2026-09-23T18:17:29.627  ✔ [579/2073] Built Mathlib.Algebra.GroupWithZero.NeZero (13s)
2026-09-23T18:17:31.482  ✔ [580/2073] Built Mathlib.Tactic.GRewrite.Core (18s)
2026-09-23T18:17:34.211  ✔ [581/2073] Built Mathlib.Data.List.Pairwise (15s)
2026-09-23T18:17:36.495  ✔ [582/2073] Built Mathlib.Logic.Function.Iterate (11s)
2026-09-23T18:17:38.019  ✔ [583/2073] Built Mathlib.Data.FunLike.Basic (11s)
2026-09-23T18:17:38.019  ✔ [584/2073] Built Mathlib.Data.Option.Basic (19s)
2026-09-23T18:17:39.080  ✔ [585/2073] Built Mathlib.Tactic.GCongr (9.9s)
2026-09-23T18:17:43.351  ✔ [586/2073] Built Mathlib.Data.Quot (16s)
2026-09-23T18:17:43.807  ### ### **END lake build** : EXIT 3221225786
2026-09-23T18:17:43.808  ### the probe lives in `relay/data/`, NOT in the kernel: the kernel`s own file
2026-09-23T18:17:43.808  ### list is what the face declares, and a probe is this act`s file, not its.
2026-09-23T18:17:43.808  ### ### **BEGIN PrintAxioms on the three names** : lake env lean D:\relay\data\b495_printaxioms.lean
2026-09-23T18:17:54.803  ### ### **END PrintAxioms on the three names** : EXIT 3221225786
2026-09-23T18:17:54.803  ### ### **BUILD EXIT 3221225786 ; PROFILE EXIT 3221225786. ### THIS LOG IS b496`S TO READ.**
