2026-09-23T21:14:48.200  ================================================================================================
2026-09-23T21:14:48.201  b498 -- THE BUILD OF SIDE-explicit-formula, IN ITS OWN CONSOLE. ### NOT READ IN b498.
2026-09-23T21:14:48.201  kernel : D:\SIDE-explicit-formula
2026-09-23T21:14:48.201  pid    : 14280
2026-09-23T21:14:48.201  title  : b498 BUILD of SIDE-explicit-formula -- DO NOT CLOSE THIS WINDOW
2026-09-23T21:14:48.201  LEAN_NUM_THREADS : (not set)
2026-09-23T21:14:48.201  ### ### **EACH LINE BELOW CARRIES AN INSTANT TAKEN AT THAT LINE** -- b480 repaired.
2026-09-23T21:14:48.201  ================================================================================================
2026-09-23T21:14:48.201  ### ### **BEGIN lake build** : lake build
2026-09-23T21:29:45.874  ✔ [3680/3737] Built Zeta23.Prelude.InstancePriorities (892s)
2026-09-23T21:30:45.784  ✔ [3681/3737] Built Zeta23.FromPNTPlus.Tactic.AdditiveCombination (953s)
2026-09-23T21:30:45.895  ✔ [3682/3737] Built Zeta23.FromPNTPlus.Rectangle (953s)
2026-09-23T21:30:47.753  ✔ [3683/3737] Built Zeta23.FromPNTPlus.Mathlib.Analysis.SpecialFunctions.Log.Basic (954s)
2026-09-23T21:30:48.739  ✔ [3684/3737] Built Zeta23.Tail.Basic (954s)
2026-09-23T21:30:54.657  ✔ [3685/3737] Built Zeta23.FromPNTPlus.Auxiliary (961s)
2026-09-23T21:31:07.717  ✔ [3686/3737] Built Zeta23.FromPNTPlus.EulerMaclaurin (973s)
2026-09-23T21:31:11.879  ✔ [3687/3737] Built Zeta23.Defs (979s)
2026-09-23T21:31:15.350  ⚠ [3688/3737] Built Zeta23.FromPNTPlus.StrongPNTPrefix (88s)
2026-09-23T21:31:15.350  warning: Zeta23/FromPNTPlus/StrongPNTPrefix.lean:89:71: `Set.mem_setOf_eq` has been deprecated: Use `Set.mem_ofPred_eq` instead
2026-09-23T21:31:15.350  warning: Zeta23/FromPNTPlus/StrongPNTPrefix.lean:230:9: `Set.setOf_subset_setOf` has been deprecated: Use `Set.ofPred_subset_ofPred` instead
2026-09-23T21:31:15.350  warning: Zeta23/FromPNTPlus/StrongPNTPrefix.lean:371:10: `Set.notMem_setOf_iff` has been deprecated: Use `Set.notMem_ofPred_iff` instead
2026-09-23T21:31:15.350  warning: Zeta23/FromPNTPlus/StrongPNTPrefix.lean:396:48: `Set.mem_setOf_eq` has been deprecated: Use `Set.mem_ofPred_eq` instead
2026-09-23T21:31:15.350  warning: Zeta23/FromPNTPlus/StrongPNTPrefix.lean:418:10: `Set.notMem_setOf_iff` has been deprecated: Use `Set.notMem_ofPred_iff` instead
2026-09-23T21:31:15.351  warning: Zeta23/FromPNTPlus/StrongPNTPrefix.lean:460:48: `Set.mem_setOf_eq` has been deprecated: Use `Set.mem_ofPred_eq` instead
2026-09-23T21:31:19.294  ✔ [3689/3737] Built Zeta23.Tail.Grid (30s)
2026-09-23T21:31:19.514  ✔ [3690/3737] Built Zeta23.Tail.Count (30s)
2026-09-23T21:31:29.147  ✔ [3691/3737] Built Zeta23.LinAlg.PosIndex (996s)
2026-09-23T21:31:34.728  ✔ [3692/3737] Built Zeta23.FromPNTPlus.ResidueCalcOnRectangles (48s)
2026-09-23T21:31:38.750  ✔ [3693/3737] Built Zeta23.Defs.Counting (26s)
2026-09-23T21:31:40.663  ✔ [3694/3737] Built Zeta23.Hypotheses (28s)
2026-09-23T21:31:41.096  ✔ [3695/3737] Built Zeta23.GammaFacts (29s)
2026-09-23T21:31:42.708  ✔ [3696/3737] Built Zeta23.FromPNTPlus.Sobolev (1009s)
2026-09-23T21:31:48.794  ✔ [3697/3737] Built Zeta23.Poisson.PaperFT (36s)
2026-09-23T21:32:08.600  ✔ [3698/3737] Built Zeta23.Analytic.RectangleLogDeriv (33s)
2026-09-23T21:32:10.461  ⚠ [3699/3737] Built Zeta23.RvM.Halving (31s)
2026-09-23T21:32:10.461  warning: Zeta23/RvM/Halving.lean:68:55: `Set.mem_setOf_eq` has been deprecated: Use `Set.mem_ofPred_eq` instead
2026-09-23T21:32:10.461  warning: Zeta23/RvM/Halving.lean:78:15: `Set.mem_setOf_eq` has been deprecated: Use `Set.mem_ofPred_eq` instead
2026-09-23T21:32:10.461  warning: Zeta23/RvM/Halving.lean:86:15: `Set.mem_setOf_eq` has been deprecated: Use `Set.mem_ofPred_eq` instead
2026-09-23T21:32:13.313  ✔ [3700/3737] Built Zeta23.ExplicitFormula (61s)
2026-09-23T21:32:14.190  ✔ [3701/3737] Built Zeta23.FromPNTPlus.Fourier (31s)
2026-09-23T21:32:16.603  ⚠ [3702/3737] Built Zeta23.Statement (35s)
2026-09-23T21:32:16.603  warning: Zeta23/Statement.lean:164:30: `Set.mem_setOf_eq` has been deprecated: Use `Set.mem_ofPred_eq` instead
2026-09-23T21:32:17.367  ✔ [3703/3737] Built Zeta23.GammaFacts.Series (36s)
2026-09-23T21:32:42.235  ✔ [3704/3737] Built Zeta23.WeilEF.XiLogDeriv (25s)
2026-09-23T21:32:42.345  ✔ [3705/3737] Built Zeta23.ExplicitFormula.Bridge (29s)
2026-09-23T21:32:44.205  ⚠ [3706/3737] Built Zeta23.ZetaReflect (27s)
2026-09-23T21:32:44.205  warning: Zeta23/ZetaReflect.lean:107:17: `Set.mem_setOf_eq` has been deprecated: Use `Set.mem_ofPred_eq` instead
2026-09-23T21:32:48.146  ✔ [3707/3737] Built Zeta23.WeilEF.GammaRBracket (30s)
2026-09-23T21:32:48.366  ✔ [3708/3737] Built Zeta23.Analytic.Stirling (31s)
2026-09-23T21:33:13.407  ℹ [3709/3737] Built Zeta23.GammaFacts.Mu (24s)
2026-09-23T21:33:13.407  info: Zeta23/GammaFacts/Mu.lean:153:2: Try this:
2026-09-23T21:33:13.407    [apply] ring_nf
2026-09-23T21:33:13.407  
2026-09-23T21:33:13.407    The `ring` tactic failed to close the goal. Use `ring_nf` to obtain a normal form.
2026-09-23T21:33:13.407  
2026-09-23T21:33:13.407    Note that `ring` works primarily in *commutative* rings. If you have a noncommutative ring, abelian group or module, consider using `noncomm_ring`, `abel` or `module` instead.
2026-09-23T21:33:27.873  ✔ [3710/3737] Built Zeta23.LinAlg.HermitianPosPart (118s)
2026-09-23T21:33:28.205  ✔ [3711/3737] Built Zeta23.LinAlg.VonNeumann (118s)
2026-09-23T21:33:36.101  ℹ [3712/3737] Built Zeta23.GammaFacts.StirlingVert (22s)
2026-09-23T21:33:36.101  info: Zeta23/GammaFacts/StirlingVert.lean:468:6: Try this:
2026-09-23T21:33:36.101    [apply] ring_nf
2026-09-23T21:33:36.101  
2026-09-23T21:33:36.101    The `ring` tactic failed to close the goal. Use `ring_nf` to obtain a normal form.
2026-09-23T21:33:36.101  
2026-09-23T21:33:36.102    Note that `ring` works primarily in *commutative* rings. If you have a noncommutative ring, abelian group or module, consider using `noncomm_ring`, `abel` or `module` instead.
2026-09-23T21:33:48.016  ✔ [3713/3737] Built Zeta23.LinAlg.Sylvester (20s)
2026-09-23T21:33:48.999  ✔ [3714/3737] Built Zeta23.LinAlg.RankTrace (20s)
2026-09-23T21:34:11.948  ✔ [3715/3737] Built Zeta23.LinAlg.Weyl (23s)
2026-09-23T21:34:12.056  ✔ [3716/3737] Built Zeta23.LinAlg.Inertia (23s)
2026-09-23T21:34:12.056  ✔ [3717/3737] Built Zeta23.WeilEF.VerticalLine (35s)
2026-09-23T21:34:12.384  ✔ [3718/3737] Built Zeta23.Tail.RankOne (24s)
2026-09-23T21:34:28.260  ✔ [3719/3737] Built Zeta23.LinAlg (16s)
2026-09-23T21:34:44.736  ✔ [3720/3737] Built Zeta23.Assembly.Inputs (16s)
2026-09-23T21:34:45.608  ⚠ [3721/3737] Built Zeta23.Statement.Seam (148s)
2026-09-23T21:34:45.608  warning: Zeta23/Statement/Seam.lean:75:13: `ENat.toNat_coe` has been deprecated: Use `ENat.toNat_natCast` instead
2026-09-23T21:35:09.528  ✔ [3722/3737] Built Zeta23.Statement.SeamClosed (23s)
2026-09-23T21:35:09.966  ⚠ [3723/3737] Built Zeta23.FromPNTPlus.ZetaBounds (175s)
2026-09-23T21:35:09.966  warning: Zeta23/FromPNTPlus/ZetaBounds.lean:887:13: `Set.mem_setOf_eq` has been deprecated: Use `Set.mem_ofPred_eq` instead
2026-09-23T21:35:09.966  warning: Zeta23/FromPNTPlus/ZetaBounds.lean:980:13: `Set.mem_setOf_eq` has been deprecated: Use `Set.mem_ofPred_eq` instead
2026-09-23T21:35:09.966  warning: Zeta23/FromPNTPlus/ZetaBounds.lean:1120:13: `Set.mem_setOf_eq` has been deprecated: Use `Set.mem_ofPred_eq` instead
2026-09-23T21:35:09.966  warning: Zeta23/FromPNTPlus/ZetaBounds.lean:1127:32: `Set.mem_setOf_eq` has been deprecated: Use `Set.mem_ofPred_eq` instead
2026-09-23T21:35:09.967  warning: Zeta23/FromPNTPlus/ZetaBounds.lean:1133:56: `Set.preimage_setOf_eq` has been deprecated: Use `Set.preimage_ofPred_eq` instead
2026-09-23T21:35:09.967  warning: Zeta23/FromPNTPlus/ZetaBounds.lean:1143:56: `Set.preimage_setOf_eq` has been deprecated: Use `Set.preimage_ofPred_eq` instead
2026-09-23T21:35:09.967  warning: Zeta23/FromPNTPlus/ZetaBounds.lean:1147:17: `Set.mem_setOf_eq` has been deprecated: Use `Set.mem_ofPred_eq` instead
2026-09-23T21:35:09.967  warning: Zeta23/FromPNTPlus/ZetaBounds.lean:1163:54: `Set.preimage_setOf_eq` has been deprecated: Use `Set.preimage_ofPred_eq` instead
2026-09-23T21:35:09.967  warning: Zeta23/FromPNTPlus/ZetaBounds.lean:1185:22: `Set.setOf_subset_setOf` has been deprecated: Use `Set.ofPred_subset_ofPred` instead
2026-09-23T21:35:09.968  warning: Zeta23/FromPNTPlus/ZetaBounds.lean:1197:15: `Set.setOf_subset_setOf` has been deprecated: Use `Set.ofPred_subset_ofPred` instead
2026-09-23T21:35:09.968  warning: Zeta23/FromPNTPlus/ZetaBounds.lean:1197:59: `Set.mem_setOf_eq` has been deprecated: Use `Set.mem_ofPred_eq` instead
2026-09-23T21:35:09.968  warning: Zeta23/FromPNTPlus/ZetaBounds.lean:1213:15: `Set.mem_setOf_eq` has been deprecated: Use `Set.mem_ofPred_eq` instead
2026-09-23T21:35:09.968  warning: Zeta23/FromPNTPlus/ZetaBounds.lean:1863:19: `Set.mem_setOf_eq` has been deprecated: Use `Set.mem_ofPred_eq` instead
2026-09-23T21:35:09.968  warning: Zeta23/FromPNTPlus/ZetaBounds.lean:1865:45: `Set.mem_setOf_eq` has been deprecated: Use `Set.mem_ofPred_eq` instead
2026-09-23T21:35:09.968  warning: Zeta23/FromPNTPlus/ZetaBounds.lean:1868:28: `Set.setOf_subset_setOf` has been deprecated: Use `Set.ofPred_subset_ofPred` instead
2026-09-23T21:35:09.968  warning: Zeta23/FromPNTPlus/ZetaBounds.lean:1872:28: `Set.mem_setOf_eq` has been deprecated: Use `Set.mem_ofPred_eq` instead
2026-09-23T21:35:09.969  warning: Zeta23/FromPNTPlus/ZetaBounds.lean:1928:15: `Set.mem_setOf_eq` has been deprecated: Use `Set.mem_ofPred_eq` instead
2026-09-23T21:35:09.969  warning: Zeta23/FromPNTPlus/ZetaBounds.lean:1934:20: `Set.mem_setOf_eq` has been deprecated: Use `Set.mem_ofPred_eq` instead
2026-09-23T21:35:09.969  warning: Zeta23/FromPNTPlus/ZetaBounds.lean:2119:13: `Set.mem_setOf_eq` has been deprecated: Use `Set.mem_ofPred_eq` instead
2026-09-23T21:35:09.969  warning: Zeta23/FromPNTPlus/ZetaBounds.lean:2912:17: `Set.mem_setOf_eq` has been deprecated: Use `Set.mem_ofPred_eq` instead
2026-09-23T21:35:09.969  warning: Zeta23/FromPNTPlus/ZetaBounds.lean:2968:17: `Set.mem_setOf_eq` has been deprecated: Use `Set.mem_ofPred_eq` instead
2026-09-23T21:35:12.375  ⚠ [3724/3737] Built Zeta23.Tail (27s)
2026-09-23T21:35:12.375  warning: Zeta23/Tail.lean:306:13: `Set.mem_setOf_eq` has been deprecated: Use `Set.mem_ofPred_eq` instead
2026-09-23T21:35:12.375  warning: Zeta23/Tail.lean:415:17: `Set.mem_setOf_eq` has been deprecated: Use `Set.mem_ofPred_eq` instead
2026-09-23T21:35:28.615  ✔ [3725/3737] Built Zeta23.RvM.CountByIntegral (19s)
2026-09-23T21:35:39.621  ✔ [3726/3737] Built Zeta23.RvM.ZetaGrowth (29s)
2026-09-23T21:36:11.658  ✔ [3727/3737] Built Zeta23.RvM.LocalCount (32s)
2026-09-23T21:36:11.987  ⚠ [3728/3737] Built Zeta23.WeilEF.Landau (32s)
2026-09-23T21:36:11.987  warning: Zeta23/WeilEF/Landau.lean:357:13: `Set.mem_setOf_eq` has been deprecated: Use `Set.mem_ofPred_eq` instead
2026-09-23T21:36:11.987  warning: Zeta23/WeilEF/Landau.lean:453:64: `Set.mem_setOf_eq` has been deprecated: Use `Set.mem_ofPred_eq` instead
2026-09-23T21:36:33.941  ⚠ [3729/3737] Built Zeta23.WeilEF.ZeroSummability (22s)
2026-09-23T21:36:33.941  warning: Zeta23/WeilEF/ZeroSummability.lean:205:4: `Set.mem_setOf_eq` has been deprecated: Use `Set.mem_ofPred_eq` instead
2026-09-23T21:36:49.750  ✔ [3730/3737] Built Zeta23.WeilEF.GoodHeights (37s)
2026-09-23T21:37:09.956  ⚠ [3731/3737] Built Zeta23.WeilEF.Contour (20s)
2026-09-23T21:37:09.956  warning: Zeta23/WeilEF/Contour.lean:85:15: `Set.mem_setOf_eq` has been deprecated: Use `Set.mem_ofPred_eq` instead
2026-09-23T21:37:36.828  ✔ [3732/3737] Built Zeta23.WeilEF.ZeroSumLimit (26s)
2026-09-23T21:37:37.272  ✔ [3733/3737] Built Zeta23.WeilEF.FullLine (27s)
2026-09-23T21:38:04.889  ✔ [3734/3737] Built Zeta23.WeilEF.Horizontal (27s)
2026-09-23T21:38:24.104  ✔ [3735/3737] Built Zeta23.WeilEF.FullLineAssembly (19s)
2026-09-23T21:38:45.604  ℹ [3736/3737] Built Zeta23.WeilEF.Main (20s)
2026-09-23T21:38:45.604  info: Zeta23/WeilEF/Main.lean:54:2: Try this:
2026-09-23T21:38:45.604    [apply] ring_nf
2026-09-23T21:38:45.604  
2026-09-23T21:38:45.604    The `ring` tactic failed to close the goal. Use `ring_nf` to obtain a normal form.
2026-09-23T21:38:45.604  
2026-09-23T21:38:45.604    Note that `ring` works primarily in *commutative* rings. If you have a noncommutative ring, abelian group or module, consider using `noncomm_ring`, `abel` or `module` instead.
2026-09-23T21:38:45.878  Build completed successfully (3737 jobs).
2026-09-23T21:38:46.178  ### ### **END lake build** : EXIT 0
2026-09-23T21:38:46.180  ### the probe lives in `relay/data/`, NOT in the kernel.
2026-09-23T21:38:46.180  ### ### **BEGIN PrintAxioms on the three names** : lake env lean D:\relay\data\b498_printaxioms.lean
2026-09-23T21:39:29.234  'Zeta23.WeilEF.EF_lit_zetaZeroConfig' depends on axioms: [propext, Classical.choice, Quot.sound]
2026-09-23T21:39:29.234  'Zeta23.EF.EF_lit' depends on axioms: [propext, Classical.choice, Quot.sound]
2026-09-23T21:39:29.234  'Zeta23.WeilEF.EF_lit_zeta' depends on axioms: [propext, Classical.choice, Quot.sound]
2026-09-23T21:39:29.774  ### ### **END PrintAxioms on the three names** : EXIT 0
2026-09-23T21:39:29.774  ### ### **BUILD EXIT 0 ; PROFILE EXIT 0. ### THIS LOG IS THE NEXT ACT`S TO READ.**
