Traceback (most recent call last):
  File "D:\relay\tools\e16\epstein_li_v3.py", line 541, in <module>
    main()
  File "D:\relay\tools\e16\epstein_li_v3.py", line 526, in main
    mn, am, firstneg, last, minacc, err, maxabs = run_stage(si, nmax, dps)
                                                  ^^^^^^^^^^^^^^^^^^^^^^^^
  File "D:\relay\tools\e16\epstein_li_v3.py", line 488, in run_stage
    vals = taylor_boundary(Efun, nmax, RADIUS, si, dps, cache)
           ^^^^^^^^^^^^^^^^^^^^^^^^^^^^^^^^^^^^^^^^^^^^^^^^^^^
  File "D:\relay\tools\e16\epstein_li_v3.py", line 358, in taylor_boundary
    bank_line(CHUNKS, {"v": CHUNK_V, "stage": stage, "dps": dps, "phase": "taylor",
  File "D:\relay\tools\e16\epstein_li_v3.py", line 232, in bank_line
    f.write(json.dumps(rec) + "\n")
            ^^^^^^^^^^^^^^^
  File "C:\Users\echo chamber\AppData\Local\Programs\Python\Python312\Lib\json\__init__.py", line 231, in dumps
    return _default_encoder.encode(obj)
           ^^^^^^^^^^^^^^^^^^^^^^^^^^^^
  File "C:\Users\echo chamber\AppData\Local\Programs\Python\Python312\Lib\json\encoder.py", line 200, in encode
    chunks = self.iterencode(o, _one_shot=True)
             ^^^^^^^^^^^^^^^^^^^^^^^^^^^^^^^^^^
  File "C:\Users\echo chamber\AppData\Local\Programs\Python\Python312\Lib\json\encoder.py", line 258, in iterencode
    return _iterencode(o, 0)
           ^^^^^^^^^^^^^^^^^
ValueError: Exceeds the limit (4300 digits) for integer string conversion; use sys.set_int_max_str_digits() to increase the limit
